Archive member included to satisfy reference by file (symbol)

C:/ti/simplelink_cc13xx_cc26xx_sdk_7_10_01_24/source\ti/drivers/lib/gcc/m4f/drivers_cc13x2.a(GPIO.c.obj)
                              ./syscfg/ti_drivers_config.o (GPIO_resetConfig)
C:/ti/simplelink_cc13xx_cc26xx_sdk_7_10_01_24/source\ti/drivers/lib/gcc/m4f/drivers_cc13x2.a(GPIOCC26XX.c.obj)
                              C:/ti/simplelink_cc13xx_cc26xx_sdk_7_10_01_24/source\ti/drivers/lib/gcc/m4f/drivers_cc13x2.a(GPIO.c.obj) (GPIO_disableInt)
C:/ti/simplelink_cc13xx_cc26xx_sdk_7_10_01_24/source\ti/drivers/lib/gcc/m4f/drivers_cc13x2.a(I2C.c.obj)
                              ./gpiointerrupt.o (I2C_init)
C:/ti/simplelink_cc13xx_cc26xx_sdk_7_10_01_24/source\ti/drivers/lib/gcc/m4f/drivers_cc13x2.a(I2CCC26XX.c.obj)
                              ./gpiointerrupt.o (I2C_open)
C:/ti/simplelink_cc13xx_cc26xx_sdk_7_10_01_24/source\ti/drivers/lib/gcc/m4f/drivers_cc13x2.a(PowerCC26X2.c.obj)
                              ./syscfg/ti_drivers_config.o (Power_init)
C:/ti/simplelink_cc13xx_cc26xx_sdk_7_10_01_24/source\ti/drivers/lib/gcc/m4f/drivers_cc13x2.a(PowerCC26X2_calibrateRCOSC.c.obj)
                              C:/ti/simplelink_cc13xx_cc26xx_sdk_7_10_01_24/source\ti/drivers/lib/gcc/m4f/drivers_cc13x2.a(PowerCC26X2.c.obj) (PowerCC26X2_initiateCalibration)
C:/ti/simplelink_cc13xx_cc26xx_sdk_7_10_01_24/source\ti/drivers/lib/gcc/m4f/drivers_cc13x2.a(TemperatureCC26X2.c.obj)
                              C:/ti/simplelink_cc13xx_cc26xx_sdk_7_10_01_24/source\ti/drivers/lib/gcc/m4f/drivers_cc13x2.a(PowerCC26X2.c.obj) (Temperature_init)
C:/ti/simplelink_cc13xx_cc26xx_sdk_7_10_01_24/source\ti/drivers/lib/gcc/m4f/drivers_cc13x2.a(GPIOCC26X2.c.obj)
                              ./gpiointerrupt.o (GPIO_init)
C:/ti/simplelink_cc13xx_cc26xx_sdk_7_10_01_24/source\ti/drivers/lib/gcc/m4f/drivers_cc13x2.a(PowerCC26X2_calibrateRCOSC_helpers.c.obj)
                              C:/ti/simplelink_cc13xx_cc26xx_sdk_7_10_01_24/source\ti/drivers/lib/gcc/m4f/drivers_cc13x2.a(PowerCC26X2_calibrateRCOSC.c.obj) (PowerCC26X2_updateSubSecInc)
C:/ti/simplelink_cc13xx_cc26xx_sdk_7_10_01_24/source\ti/drivers/lib/gcc/m4f/drivers_cc13x2.a(PowerCC26X2_helpers.c.obj)
                              C:/ti/simplelink_cc13xx_cc26xx_sdk_7_10_01_24/source\ti/drivers/lib/gcc/m4f/drivers_cc13x2.a(PowerCC26X2.c.obj) (PowerCC26X2_oscCtlClearXtal)
C:/ti/simplelink_cc13xx_cc26xx_sdk_7_10_01_24/source\ti/drivers/lib/gcc/m4f/drivers_cc13x2.a(List.c.obj)
                              C:/ti/simplelink_cc13xx_cc26xx_sdk_7_10_01_24/source\ti/drivers/lib/gcc/m4f/drivers_cc13x2.a(PowerCC26X2.c.obj) (List_put)
C:/ti/simplelink_cc13xx_cc26xx_sdk_7_10_01_24/kernel/nortos\lib/gcc/m4f/nortos_cc13x2.a(NoRTOS.c.obj)
                              ./main_nortos.o (NoRTOS_start)
C:/ti/simplelink_cc13xx_cc26xx_sdk_7_10_01_24/kernel/nortos\lib/gcc/m4f/nortos_cc13x2.a(SemaphoreP_nortos.c.obj)
                              C:/ti/simplelink_cc13xx_cc26xx_sdk_7_10_01_24/source\ti/drivers/lib/gcc/m4f/drivers_cc13x2.a(I2CCC26XX.c.obj) (SemaphoreP_constructBinary)
C:/ti/simplelink_cc13xx_cc26xx_sdk_7_10_01_24/kernel/nortos\lib/gcc/m4f/nortos_cc13x2.a(SwiP_nortos.c.obj)
                              C:/ti/simplelink_cc13xx_cc26xx_sdk_7_10_01_24/source\ti/drivers/lib/gcc/m4f/drivers_cc13x2.a(I2CCC26XX.c.obj) (SwiP_Params_init)
C:/ti/simplelink_cc13xx_cc26xx_sdk_7_10_01_24/kernel/nortos\lib/gcc/m4f/nortos_cc13x2.a(ClockPTimer_nortos.c.obj)
                              C:/ti/simplelink_cc13xx_cc26xx_sdk_7_10_01_24/source\ti/drivers/lib/gcc/m4f/drivers_cc13x2.a(PowerCC26X2.c.obj) (ClockP_Params_init)
C:/ti/simplelink_cc13xx_cc26xx_sdk_7_10_01_24/kernel/nortos\lib/gcc/m4f/nortos_cc13x2.a(QueueP_nortos.c.obj)
                              C:/ti/simplelink_cc13xx_cc26xx_sdk_7_10_01_24/kernel/nortos\lib/gcc/m4f/nortos_cc13x2.a(SwiP_nortos.c.obj) (QueueP_init)
C:/ti/simplelink_cc13xx_cc26xx_sdk_7_10_01_24/kernel/nortos\lib/gcc/m4f/nortos_cc13x2.a(HwiPCC26XX_nortos.c.obj)
                              C:/ti/simplelink_cc13xx_cc26xx_sdk_7_10_01_24/kernel/nortos\lib/gcc/m4f/nortos_cc13x2.a(NoRTOS.c.obj) (HwiP_enable)
C:/ti/simplelink_cc13xx_cc26xx_sdk_7_10_01_24/kernel/nortos\lib/gcc/m4f/nortos_cc13x2.a(PowerCC26X2_nortos.c.obj)
                              ./syscfg/ti_drivers_config.o (PowerCC26XX_standbyPolicy)
C:/ti/simplelink_cc13xx_cc26xx_sdk_7_10_01_24/kernel/nortos\lib/gcc/m4f/nortos_cc13x2.a(TimerPCC26XX_nortos.c.obj)
                              C:/ti/simplelink_cc13xx_cc26xx_sdk_7_10_01_24/kernel/nortos\lib/gcc/m4f/nortos_cc13x2.a(ClockPTimer_nortos.c.obj) (TimerP_Params_init)
C:/ti/simplelink_cc13xx_cc26xx_sdk_7_10_01_24/kernel/nortos\lib/gcc/m4f/nortos_cc13x2.a(startup_cc13x2_cc26x2_gcc.c.obj)
                              (resetISR)
C:/ti/simplelink_cc13xx_cc26xx_sdk_7_10_01_24/source\ti/devices/cc13x2_cc26x2/driverlib/bin/gcc/driverlib.lib(osc.o)
[...]
Memory Configuration

Name             Origin             Length             Attributes
FLASH            0x00000000         0x00057fa8         xr
FLASH_CCFG       0x00057fa8         0x00000058         xr
SRAM             0x20000000         0x00014000         xrw
GPRAM            0x11000000         0x00002000         xrw
LOG_DATA         0x90000000         0x00040000         r
LOG_PTR          0x94000008         0x00040000         r
*default*        0x00000000         0xffffffff

Linker script and memory map

LOAD ./gpiointerrupt.o
LOAD ./syscfg/ti_devices_config.o
LOAD ./syscfg/ti_drivers_config.o
LOAD ./main_nortos.o
                0x00000400                STACKSIZE = 0x400
                0x00004000                HEAPSIZE = 0x4000
                0x00000000                PROVIDE (_resetVecs_base_address = DEFINED (_resetVecs_base_address)?_resetVecs_base_address:0x0)

.resetVecs      0x00000000       0x40
 *(.resetVecs)
 .resetVecs     0x00000000       0x40 C:/ti/simplelink_cc13xx_cc26xx_sdk_7_10_01_24/kernel/nortos\lib/gcc/m4f/nortos_cc13x2.a(startup_cc13x2_cc26x2_gcc.c.obj)

.ramVecs        0x20000000       0xd8
 *(.ramVecs)
 .ramVecs       0x20000000       0xd8 C:/ti/simplelink_cc13xx_cc26xx_sdk_7_10_01_24/source\ti/devices/cc13x2_cc26x2/driverlib/bin/gcc/driverlib.lib(interrupt.o)
                0x20001800                UDMACC26XX_CONFIG_BASE = 0x20001800
                0x20001810                DMA_UART0_RX_CONTROL_TABLE_ENTRY_ADDRESS = (UDMACC26XX_CONFIG_BASE + 0x10)
                0x20001820                DMA_UART0_TX_CONTROL_TABLE_ENTRY_ADDRESS = (UDMACC26XX_CONFIG_BASE + 0x20)
                0x20001830                DMA_SPI0_RX_CONTROL_TABLE_ENTRY_ADDRESS = (UDMACC26XX_CONFIG_BASE + 0x30)
                0x20001840                DMA_SPI0_TX_CONTROL_TABLE_ENTRY_ADDRESS = (UDMACC26XX_CONFIG_BASE + 0x40)
                0x20001850                DMA_UART1_RX_CONTROL_TABLE_ENTRY_ADDRESS = (UDMACC26XX_CONFIG_BASE + 0x50)
                0x20001860                DMA_UART1_TX_CONTROL_TABLE_ENTRY_ADDRESS = (UDMACC26XX_CONFIG_BASE + 0x60)
                0x20001870                DMA_ADC_PRI_CONTROL_TABLE_ENTRY_ADDRESS = (UDMACC26XX_CONFIG_BASE + 0x70)
                0x20001890                DMA_GPT0A_PRI_CONTROL_TABLE_ENTRY_ADDRESS = (UDMACC26XX_CONFIG_BASE + 0x90)
                0x20001900                DMA_SPI1_RX_CONTROL_TABLE_ENTRY_ADDRESS = (UDMACC26XX_CONFIG_BASE + 0x100)
                0x20001910                DMA_SPI1_TX_CONTROL_TABLE_ENTRY_ADDRESS = (UDMACC26XX_CONFIG_BASE + 0x110)
                0x20001a10                DMA_UART0_RX_ALT_CONTROL_TABLE_ENTRY_ADDRESS = (UDMACC26XX_CONFIG_BASE + 0x210)
                0x20001a20                DMA_UART0_TX_ALT_CONTROL_TABLE_ENTRY_ADDRESS = (UDMACC26XX_CONFIG_BASE + 0x220)
                0x20001a30                DMA_SPI0_RX_ALT_CONTROL_TABLE_ENTRY_ADDRESS = (UDMACC26XX_CONFIG_BASE + 0x230)
                0x20001a40                DMA_SPI0_TX_ALT_CONTROL_TABLE_ENTRY_ADDRESS = (UDMACC26XX_CONFIG_BASE + 0x240)
                0x20001a50                DMA_UART1_RX_ALT_CONTROL_TABLE_ENTRY_ADDRESS = (UDMACC26XX_CONFIG_BASE + 0x250)
                0x20001a60                DMA_UART1_TX_ALT_CONTROL_TABLE_ENTRY_ADDRESS = (UDMACC26XX_CONFIG_BASE + 0x260)
                0x20001a70                DMA_ADC_ALT_CONTROL_TABLE_ENTRY_ADDRESS = (UDMACC26XX_CONFIG_BASE + 0x270)
                0x20001a90                DMA_GPT0A_ALT_CONTROL_TABLE_ENTRY_ADDRESS = (UDMACC26XX_CONFIG_BASE + 0x290)
                0x20001b00                DMA_SPI1_RX_ALT_CONTROL_TABLE_ENTRY_ADDRESS = (UDMACC26XX_CONFIG_BASE + 0x300)
                0x20001b10                DMA_SPI1_TX_ALT_CONTROL_TABLE_ENTRY_ADDRESS = (UDMACC26XX_CONFIG_BASE + 0x310)
                0x00000000                UDMACC26XX_uart0RxControlTableEntry_is_placed = 0x0

.dmaUart0RxControlTableEntry
 *(.dmaUart0RxControlTableEntry)
                0x00000000                UDMACC26XX_uart0TxControlTableEntry_is_placed = 0x0

.dmaUart0TxControlTableEntry
 *(.dmaUart0TxControlTableEntry)
                0x00000000                UDMACC26XX_dmaSpi0RxControlTableEntry_is_placed = 0x0

.dmaSpi0RxControlTableEntry
 *(.dmaSpi0RxControlTableEntry)
                0x00000000                UDMACC26XX_dmaSpi0TxControlTableEntry_is_placed = 0x0

.dmaSpi0TxControlTableEntry
 *(.dmaSpi0TxControlTableEntry)
                0x00000000                UDMACC26XX_uart1RxControlTableEntry_is_placed = 0x0

.dmaUart1RxControlTableEntry
 *(.dmaUart1RxControlTableEntry)
                0x00000000                UDMACC26XX_uart1TxControlTableEntry_is_placed = 0x0

.dmaUart1TxControlTableEntry
 *(.dmaUart1TxControlTableEntry)
                0x00000000                UDMACC26XX_dmaADCPriControlTableEntry_is_placed = 0x0

.dmaADCPriControlTableEntry
 *(.dmaADCPriControlTableEntry)
                0x00000000                UDMACC26XX_dmaGPT0APriControlTableEntry_is_placed = 0x0

.dmaGPT0APriControlTableEntry
 *(.dmaGPT0APriControlTableEntry)
                0x00000000                UDMACC26XX_dmaSpi1RxControlTableEntry_is_placed = 0x0

.dmaSpi1RxControlTableEntry
 *(.dmaSpi1RxControlTableEntry)
                0x00000000                UDMACC26XX_dmaSpi1TxControlTableEntry_is_placed = 0x0

.dmaSpi1TxControlTableEntry
 *(.dmaSpi1TxControlTableEntry)
                0x00000000                UDMACC26XX_uart0RxAltControlTableEntry_is_placed = 0x0

.dmaUart0RxAltControlTableEntry
 *(.dmaUart0RxAltControlTableEntry)
                0x00000000                UDMACC26XX_uart0TxAltControlTableEntry_is_placed = 0x0

.dmaUart0TxAltControlTableEntry
 *(.dmaUart0TxAltControlTableEntry)
                0x00000000                UDMACC26XX_dmaSpi0RxAltControlTableEntry_is_placed = 0x0

.dmaSpi0RxAltControlTableEntry
 *(.dmaSpi0RxAltControlTableEntry)
                0x00000000                UDMACC26XX_dmaSpi0TxAltControlTableEntry_is_placed = 0x0

.dmaSpi0TxAltControlTableEntry
 *(.dmaSpi0TxAltControlTableEntry)
                0x00000000                UDMACC26XX_uart1RxAltControlTableEntry_is_placed = 0x0

.dmaUart1RxAltControlTableEntry
 *(.dmaUart1RxAltControlTableEntry)
                0x00000000                UDMACC26XX_uart1TxAltControlTableEntry_is_placed = 0x0

.dmaUart1TxAltControlTableEntry
 *(.dmaUart1TxAltControlTableEntry)
                0x00000000                UDMACC26XX_dmaADCAltControlTableEntry_is_placed = 0x0

.dmaADCAltControlTableEntry
 *(.dmaADCAltControlTableEntry)
                0x00000000                UDMACC26XX_dmaGPT0AAltControlTableEntry_is_placed = 0x0

.dmaGPT0AAltControlTableEntry
 *(.dmaGPT0AAltControlTableEntry)
                0x00000000                UDMACC26XX_dmaSpi1RxAltControlTableEntry_is_placed = 0x0

.dmaSpi1RxAltControlTableEntry
 *(.dmaSpi1RxAltControlTableEntry)
                0x00000000                UDMACC26XX_dmaSpi1TxAltControlTableEntry_is_placed = 0x0

.dmaSpi1TxAltControlTableEntry
 *(.dmaSpi1TxAltControlTableEntry)

.text           0x00000040     0x4ba0
 CREATE_OBJECT_SYMBOLS
 *(.text)
 .text          0x00000040      0x378 c:/ti/gcc_arm_none_eabi_9_2_1/bin/../lib/gcc/arm-none-eabi/9.2.1/thumb/v7e-m+fp/hard\libgcc.a(_arm_addsubdf3.o)
                0x00000040                __aeabi_drsub
                0x00000048                __aeabi_dsub
                0x00000048                __subdf3
                0x0000004c                __aeabi_dadd
                0x0000004c                __adddf3
                0x000002c4                __floatunsidf
                0x000002c4                __aeabi_ui2d
                0x000002e4                __floatsidf
                0x000002e4                __aeabi_i2d
                0x00000308                __aeabi_f2d
                0x00000308                __extendsfdf2
                0x0000034c                __floatundidf
                0x0000034c                __aeabi_ul2d
                0x0000035c                __floatdidf
                0x0000035c                __aeabi_l2d
 .text          0x000003b8      0x424 c:/ti/gcc_arm_none_eabi_9_2_1/bin/../lib/gcc/arm-none-eabi/9.2.1/thumb/v7e-m+fp/hard\libgcc.a(_arm_muldivdf3.o)
                0x000003b8                __aeabi_dmul
                0x000003b8                __muldf3
                0x0000060c                __divdf3
                0x0000060c                __aeabi_ddiv
 .text          0x000007dc       0xa0 c:/ti/gcc_arm_none_eabi_9_2_1/bin/../lib/gcc/arm-none-eabi/9.2.1/thumb/v7e-m+fp/hard\libgcc.a(_arm_truncdfsf2.o)
                0x000007dc                __truncdfsf2
                0x000007dc                __aeabi_d2f
 .text          0x0000087c       0x30 c:/ti/gcc_arm_none_eabi_9_2_1/bin/../lib/gcc/arm-none-eabi/9.2.1/thumb/v7e-m+fp/hard\libgcc.a(_aeabi_uldivmod.o)
                0x0000087c                __aeabi_uldivmod
 .text          0x000008ac      0x2c4 c:/ti/gcc_arm_none_eabi_9_2_1/bin/../lib/gcc/arm-none-eabi/9.2.1/thumb/v7e-m+fp/hard\libgcc.a(_udivmoddi4.o)
                0x000008ac                __udivmoddi4
 .text          0x00000b70        0x4 c:/ti/gcc_arm_none_eabi_9_2_1/bin/../lib/gcc/arm-none-eabi/9.2.1/thumb/v7e-m+fp/hard\libgcc.a(_dvmd_tls.o)
                0x00000b70                __aeabi_idiv0
                0x00000b70                __aeabi_ldiv0
 .text          0x00000b74       0x10 c:/ti/gcc_arm_none_eabi_9_2_1/bin/../lib/gcc/arm-none-eabi/9.2.1/../../../../arm-none-eabi/lib/thumb/v7e-m+fp/hard\libc_nano.a(lib_a-strlen.o)
                0x00000b74                strlen
 *fill*         0x00000b84        0xc 
 .text          0x00000b90       0xa0 c:/ti/gcc_arm_none_eabi_9_2_1/bin/../lib/gcc/arm-none-eabi/9.2.1/../../../../arm-none-eabi/lib/thumb/v7e-m+fp/hard\libc_nano.a(lib_a-memchr.o)
                0x00000b90                memchr
 *(.text.*)
 .text.readDataMultiChannel
                0x00000c30      0x1c8 ./gpiointerrupt.o
                0x00000c30                readDataMultiChannel
 .text.init     0x00000df8      0x1fc ./gpiointerrupt.o
                0x00000df8                init
 .text.clearDisplay
                0x00000ff4       0x9c ./gpiointerrupt.o
                0x00000ff4                clearDisplay
 .text.mainThread
                0x00001090      0x420 ./gpiointerrupt.o
                0x00001090                mainThread
 .text.Board_shutDownExtFlash
                0x000014b0       0xc0 ./syscfg/ti_drivers_config.o
                0x000014b0                Board_shutDownExtFlash
 .text.Board_initHook
                0x00001570        0x4 ./syscfg/ti_drivers_config.o
                0x00001570                Board_initHook
 .text.Board_init
                0x00001574       0x14 ./syscfg/ti_drivers_config.o
                0x00001574                Board_init
 .text.startup.main
                0x00001588       0x14 ./main_nortos.o
                0x00001588                main
 .text.GPIO_resetConfig
                0x0000159c       0x3c C:/ti/simplelink_cc13xx_cc26xx_sdk_7_10_01_24/source\ti/drivers/lib/gcc/m4f/drivers_cc13x2.a(GPIO.c.obj)
                0x0000159c                GPIO_resetConfig
 .text.GPIO_disableInt
                0x000015d8       0x18 C:/ti/simplelink_cc13xx_cc26xx_sdk_7_10_01_24/source\ti/drivers/lib/gcc/m4f/drivers_cc13x2.a(GPIOCC26XX.c.obj)
                0x000015d8                GPIO_disableInt
 .text.GPIO_setConfig
                0x000015f0       0x7c C:/ti/simplelink_cc13xx_cc26xx_sdk_7_10_01_24/source\ti/drivers/lib/gcc/m4f/drivers_cc13x2.a(GPIOCC26XX.c.obj)
                0x000015f0                GPIO_setConfig
 .text.GPIO_setConfigAndMux
                0x0000166c       0x7c C:/ti/simplelink_cc13xx_cc26xx_sdk_7_10_01_24/source\ti/drivers/lib/gcc/m4f/drivers_cc13x2.a(GPIOCC26XX.c.obj)
                0x0000166c                GPIO_setConfigAndMux
 .text.GPIO_write
                0x000016e8       0x14 C:/ti/simplelink_cc13xx_cc26xx_sdk_7_10_01_24/source\ti/drivers/lib/gcc/m4f/drivers_cc13x2.a(GPIOCC26XX.c.obj)
                0x000016e8                GPIO_write
 .text.I2C_init
                0x000016fc        0x4 C:/ti/simplelink_cc13xx_cc26xx_sdk_7_10_01_24/source\ti/drivers/lib/gcc/m4f/drivers_cc13x2.a(I2C.c.obj)
                0x000016fc                I2C_init
 .text.I2C_Params_init
                0x00001700        0xc C:/ti/simplelink_cc13xx_cc26xx_sdk_7_10_01_24/source\ti/drivers/lib/gcc/m4f/drivers_cc13x2.a(I2C.c.obj)
                0x00001700                I2C_Params_init
 .text.I2C_transferTimeout
                0x0000170c      0x150 C:/ti/simplelink_cc13xx_cc26xx_sdk_7_10_01_24/source\ti/drivers/lib/gcc/m4f/drivers_cc13x2.a(I2C.c.obj)
                0x0000170c                I2C_transferTimeout
 .text.I2C_transfer
                0x0000185c       0x14 C:/ti/simplelink_cc13xx_cc26xx_sdk_7_10_01_24/source\ti/drivers/lib/gcc/m4f/drivers_cc13x2.a(I2C.c.obj)
                0x0000185c                I2C_transfer
 .text.I2CCC26XX_blockingCallback
                0x00001870        0x8 C:/ti/simplelink_cc13xx_cc26xx_sdk_7_10_01_24/source\ti/drivers/lib/gcc/m4f/drivers_cc13x2.a(I2CCC26XX.c.obj)
 .text.I2CCC26XX_hwiFxn
                0x00001878      0x168 C:/ti/simplelink_cc13xx_cc26xx_sdk_7_10_01_24/source\ti/drivers/lib/gcc/m4f/drivers_cc13x2.a(I2CCC26XX.c.obj)
 .text.I2CCC26XX_postNotify
                0x000019e0       0x6c C:/ti/simplelink_cc13xx_cc26xx_sdk_7_10_01_24/source\ti/drivers/lib/gcc/m4f/drivers_cc13x2.a(I2CCC26XX.c.obj)
 .text.I2C_open
                0x00001a4c      0x1bc C:/ti/simplelink_cc13xx_cc26xx_sdk_7_10_01_24/source\ti/drivers/lib/gcc/m4f/drivers_cc13x2.a(I2CCC26XX.c.obj)
                0x00001a4c                I2C_open
 .text.I2CSupport_controllerFinish
                0x00001c08       0x10 C:/ti/simplelink_cc13xx_cc26xx_sdk_7_10_01_24/source\ti/drivers/lib/gcc/m4f/drivers_cc13x2.a(I2CCC26XX.c.obj)
                0x00001c08                I2CSupport_controllerFinish
 .text.I2CSupport_powerRelConstraint
                0x00001c18        0x8 C:/ti/simplelink_cc13xx_cc26xx_sdk_7_10_01_24/source\ti/drivers/lib/gcc/m4f/drivers_cc13x2.a(I2CCC26XX.c.obj)
                0x00001c18                I2CSupport_powerRelConstraint
 .text.I2CSupport_powerSetConstraint
                0x00001c20        0x8 C:/ti/simplelink_cc13xx_cc26xx_sdk_7_10_01_24/source\ti/drivers/lib/gcc/m4f/drivers_cc13x2.a(I2CCC26XX.c.obj)
                0x00001c20                I2CSupport_powerSetConstraint
 .text.I2CSupport_primeTransfer
                0x00001c28       0x8c C:/ti/simplelink_cc13xx_cc26xx_sdk_7_10_01_24/source\ti/drivers/lib/gcc/m4f/drivers_cc13x2.a(I2CCC26XX.c.obj)
                0x00001c28                I2CSupport_primeTransfer
 .text.I2CCC26XX_swiFxn
                0x00001cb4       0xb8 C:/ti/simplelink_cc13xx_cc26xx_sdk_7_10_01_24/source\ti/drivers/lib/gcc/m4f/drivers_cc13x2.a(I2CCC26XX.c.obj)
 .text.emptyClockFunc
                0x00001d6c        0x4 C:/ti/simplelink_cc13xx_cc26xx_sdk_7_10_01_24/source\ti/drivers/lib/gcc/m4f/drivers_cc13x2.a(PowerCC26X2.c.obj)
 .text.nopResourceHandler
                0x00001d70        0x4 C:/ti/simplelink_cc13xx_cc26xx_sdk_7_10_01_24/source\ti/drivers/lib/gcc/m4f/drivers_cc13x2.a(PowerCC26X2.c.obj)
 .text.configureRFCoreClocks
                0x00001d74        0x4 C:/ti/simplelink_cc13xx_cc26xx_sdk_7_10_01_24/source\ti/drivers/lib/gcc/m4f/drivers_cc13x2.a(PowerCC26X2.c.obj)
 .text.switchToTCXO
                0x00001d78       0x80 C:/ti/simplelink_cc13xx_cc26xx_sdk_7_10_01_24/source\ti/drivers/lib/gcc/m4f/drivers_cc13x2.a(PowerCC26X2.c.obj)
 .text.configureXOSCHF
                0x00001df8      0x12c C:/ti/simplelink_cc13xx_cc26xx_sdk_7_10_01_24/source\ti/drivers/lib/gcc/m4f/drivers_cc13x2.a(PowerCC26X2.c.obj)
 .text.oscillatorISR
                0x00001f24      0x12c C:/ti/simplelink_cc13xx_cc26xx_sdk_7_10_01_24/source\ti/drivers/lib/gcc/m4f/drivers_cc13x2.a(PowerCC26X2.c.obj)
 .text.Power_disablePolicy
                0x00002050       0x14 C:/ti/simplelink_cc13xx_cc26xx_sdk_7_10_01_24/source\ti/drivers/lib/gcc/m4f/drivers_cc13x2.a(PowerCC26X2.c.obj)
                0x00002050                Power_disablePolicy
 .text.Power_enablePolicy
                0x00002064       0x10 C:/ti/simplelink_cc13xx_cc26xx_sdk_7_10_01_24/source\ti/drivers/lib/gcc/m4f/drivers_cc13x2.a(PowerCC26X2.c.obj)
                0x00002064                Power_enablePolicy
 .text.Power_getConstraintMask
                0x00002074        0xc C:/ti/simplelink_cc13xx_cc26xx_sdk_7_10_01_24/source\ti/drivers/lib/gcc/m4f/drivers_cc13x2.a(PowerCC26X2.c.obj)
                0x00002074                Power_getConstraintMask
 .text.Power_getTransitionLatency
                0x00002080       0x1c C:/ti/simplelink_cc13xx_cc26xx_sdk_7_10_01_24/source\ti/drivers/lib/gcc/m4f/drivers_cc13x2.a(PowerCC26X2.c.obj)
                0x00002080                Power_getTransitionLatency
 .text.Power_idleFunc
                0x0000209c       0x18 C:/ti/simplelink_cc13xx_cc26xx_sdk_7_10_01_24/source\ti/drivers/lib/gcc/m4f/drivers_cc13x2.a(PowerCC26X2.c.obj)
                0x0000209c                Power_idleFunc
 .text.Power_init
                0x000020b4      0x168 C:/ti/simplelink_cc13xx_cc26xx_sdk_7_10_01_24/source\ti/drivers/lib/gcc/m4f/drivers_cc13x2.a(PowerCC26X2.c.obj)
                0x000020b4                Power_init
 .text.Power_registerNotify
                0x0000221c       0x24 C:/ti/simplelink_cc13xx_cc26xx_sdk_7_10_01_24/source\ti/drivers/lib/gcc/m4f/drivers_cc13x2.a(PowerCC26X2.c.obj)
                0x0000221c                Power_registerNotify
 .text.Power_releaseConstraint
                0x00002240       0x34 C:/ti/simplelink_cc13xx_cc26xx_sdk_7_10_01_24/source\ti/drivers/lib/gcc/m4f/drivers_cc13x2.a(PowerCC26X2.c.obj)
                0x00002240                Power_releaseConstraint
 .text.Power_releaseDependency
                0x00002274       0xc0 C:/ti/simplelink_cc13xx_cc26xx_sdk_7_10_01_24/source\ti/drivers/lib/gcc/m4f/drivers_cc13x2.a(PowerCC26X2.c.obj)
                0x00002274                Power_releaseDependency
 .text.Power_setConstraint
                0x00002334       0x30 C:/ti/simplelink_cc13xx_cc26xx_sdk_7_10_01_24/source\ti/drivers/lib/gcc/m4f/drivers_cc13x2.a(PowerCC26X2.c.obj)
                0x00002334                Power_setConstraint
 .text.Power_setDependency
                0x00002364       0xcc C:/ti/simplelink_cc13xx_cc26xx_sdk_7_10_01_24/source\ti/drivers/lib/gcc/m4f/drivers_cc13x2.a(PowerCC26X2.c.obj)
                0x00002364                Power_setDependency
 .text.Power_sleep
                0x00002430      0x1c8 C:/ti/simplelink_cc13xx_cc26xx_sdk_7_10_01_24/source\ti/drivers/lib/gcc/m4f/drivers_cc13x2.a(PowerCC26X2.c.obj)
                0x00002430                Power_sleep
 .text.PowerCC26XX_calibrate
                0x000025f8       0x18 C:/ti/simplelink_cc13xx_cc26xx_sdk_7_10_01_24/source\ti/drivers/lib/gcc/m4f/drivers_cc13x2.a(PowerCC26X2.c.obj)
                0x000025f8                PowerCC26XX_calibrate
 .text.PowerCC26X2_initiateCalibration
                0x00002610       0x74 C:/ti/simplelink_cc13xx_cc26xx_sdk_7_10_01_24/source\ti/drivers/lib/gcc/m4f/drivers_cc13x2.a(PowerCC26X2_calibrateRCOSC.c.obj)
                0x00002610                PowerCC26X2_initiateCalibration
 .text.PowerCC26X2_auxISR
                0x00002684      0x2ec C:/ti/simplelink_cc13xx_cc26xx_sdk_7_10_01_24/source\ti/drivers/lib/gcc/m4f/drivers_cc13x2.a(PowerCC26X2_calibrateRCOSC.c.obj)
                0x00002684                PowerCC26X2_auxISR
 .text.PowerCC26X2_calibrate
                0x00002970      0x140 C:/ti/simplelink_cc13xx_cc26xx_sdk_7_10_01_24/source\ti/drivers/lib/gcc/m4f/drivers_cc13x2.a(PowerCC26X2_calibrateRCOSC.c.obj)
                0x00002970                PowerCC26X2_calibrate
 .text.PowerCC26X2_RCOSC_clockFunc
                0x00002ab0       0x4c C:/ti/simplelink_cc13xx_cc26xx_sdk_7_10_01_24/source\ti/drivers/lib/gcc/m4f/drivers_cc13x2.a(PowerCC26X2_calibrateRCOSC.c.obj)
                0x00002ab0                PowerCC26X2_RCOSC_clockFunc
 .text.GPIO_hwiIntFxn
                0x00002afc       0x4c C:/ti/simplelink_cc13xx_cc26xx_sdk_7_10_01_24/source\ti/drivers/lib/gcc/m4f/drivers_cc13x2.a(GPIOCC26X2.c.obj)
                0x00002afc                GPIO_hwiIntFxn
 .text.GPIO_init
                0x00002b48      0x134 C:/ti/simplelink_cc13xx_cc26xx_sdk_7_10_01_24/source\ti/drivers/lib/gcc/m4f/drivers_cc13x2.a(GPIOCC26X2.c.obj)
                0x00002b48                GPIO_init
 .text.PowerCC26X2_updateSubSecInc
                0x00002c7c       0x84 C:/ti/simplelink_cc13xx_cc26xx_sdk_7_10_01_24/source\ti/drivers/lib/gcc/m4f/drivers_cc13x2.a(PowerCC26X2_calibrateRCOSC_helpers.c.obj)
                0x00002c7c                PowerCC26X2_updateSubSecInc
 .text.PowerCC26X2_readCtrim
                0x00002d00       0x10 C:/ti/simplelink_cc13xx_cc26xx_sdk_7_10_01_24/source\ti/drivers/lib/gcc/m4f/drivers_cc13x2.a(PowerCC26X2_calibrateRCOSC_helpers.c.obj)
                0x00002d00                PowerCC26X2_readCtrim
 .text.PowerCC26X2_readCtrimFract
                0x00002d10       0x10 C:/ti/simplelink_cc13xx_cc26xx_sdk_7_10_01_24/source\ti/drivers/lib/gcc/m4f/drivers_cc13x2.a(PowerCC26X2_calibrateRCOSC_helpers.c.obj)
                0x00002d10                PowerCC26X2_readCtrimFract
 .text.PowerCC26X2_readRtrim
                0x00002d20       0x10 C:/ti/simplelink_cc13xx_cc26xx_sdk_7_10_01_24/source\ti/drivers/lib/gcc/m4f/drivers_cc13x2.a(PowerCC26X2_calibrateRCOSC_helpers.c.obj)
                0x00002d20                PowerCC26X2_readRtrim
 .text.PowerCC26X2_writeCtrim
                0x00002d30       0x28 C:/ti/simplelink_cc13xx_cc26xx_sdk_7_10_01_24/source\ti/drivers/lib/gcc/m4f/drivers_cc13x2.a(PowerCC26X2_calibrateRCOSC_helpers.c.obj)
                0x00002d30                PowerCC26X2_writeCtrim
 .text.PowerCC26X2_writeCtrimFract
                0x00002d58       0x28 C:/ti/simplelink_cc13xx_cc26xx_sdk_7_10_01_24/source\ti/drivers/lib/gcc/m4f/drivers_cc13x2.a(PowerCC26X2_calibrateRCOSC_helpers.c.obj)
                0x00002d58                PowerCC26X2_writeCtrimFract
 .text.PowerCC26X2_writeCtrimFractEn
                0x00002d80       0x28 C:/ti/simplelink_cc13xx_cc26xx_sdk_7_10_01_24/source\ti/drivers/lib/gcc/m4f/drivers_cc13x2.a(PowerCC26X2_calibrateRCOSC_helpers.c.obj)
                0x00002d80                PowerCC26X2_writeCtrimFractEn
 .text.PowerCC26X2_writeRtrim
                0x00002da8       0x28 C:/ti/simplelink_cc13xx_cc26xx_sdk_7_10_01_24/source\ti/drivers/lib/gcc/m4f/drivers_cc13x2.a(PowerCC26X2_calibrateRCOSC_helpers.c.obj)
                0x00002da8                PowerCC26X2_writeRtrim
 .text.PowerCC26X2_setTdcClkSrc24M
                0x00002dd0       0x3c C:/ti/simplelink_cc13xx_cc26xx_sdk_7_10_01_24/source\ti/drivers/lib/gcc/m4f/drivers_cc13x2.a(PowerCC26X2_calibrateRCOSC_helpers.c.obj)
                0x00002dd0                PowerCC26X2_setTdcClkSrc24M
 .text.PowerCC26X2_setAclkRefSrc
                0x00002e0c       0x40 C:/ti/simplelink_cc13xx_cc26xx_sdk_7_10_01_24/source\ti/drivers/lib/gcc/m4f/drivers_cc13x2.a(PowerCC26X2_calibrateRCOSC_helpers.c.obj)
                0x00002e0c                PowerCC26X2_setAclkRefSrc
 .text.PowerCC26X2_oscCtlClearXtal
                0x00002e4c       0x10 C:/ti/simplelink_cc13xx_cc26xx_sdk_7_10_01_24/source\ti/drivers/lib/gcc/m4f/drivers_cc13x2.a(PowerCC26X2_helpers.c.obj)
                0x00002e4c                PowerCC26X2_oscCtlClearXtal
 .text.PowerCC26X2_prcmEnableCacheRetention
                0x00002e5c       0x10 C:/ti/simplelink_cc13xx_cc26xx_sdk_7_10_01_24/source\ti/drivers/lib/gcc/m4f/drivers_cc13x2.a(PowerCC26X2_helpers.c.obj)
                0x00002e5c                PowerCC26X2_prcmEnableCacheRetention
 .text.PowerCC26X2_oschfSwitchToRcosc
                0x00002e6c        0x4 C:/ti/simplelink_cc13xx_cc26xx_sdk_7_10_01_24/source\ti/drivers/lib/gcc/m4f/drivers_cc13x2.a(PowerCC26X2_helpers.c.obj)
                0x00002e6c                PowerCC26X2_oschfSwitchToRcosc
 .text.PowerCC26X2_oscClockSourceGet
                0x00002e70        0xc C:/ti/simplelink_cc13xx_cc26xx_sdk_7_10_01_24/source\ti/drivers/lib/gcc/m4f/drivers_cc13x2.a(PowerCC26X2_helpers.c.obj)
                0x00002e70                PowerCC26X2_oscClockSourceGet
 .text.PowerCC26X2_oscDisableQualifiers
                0x00002e7c       0x3c C:/ti/simplelink_cc13xx_cc26xx_sdk_7_10_01_24/source\ti/drivers/lib/gcc/m4f/drivers_cc13x2.a(PowerCC26X2_helpers.c.obj)
                0x00002e7c                PowerCC26X2_oscDisableQualifiers
 .text.PowerCC26X2_oschfTrySwitchToXosc
                0x00002eb8        0x8 C:/ti/simplelink_cc13xx_cc26xx_sdk_7_10_01_24/source\ti/drivers/lib/gcc/m4f/drivers_cc13x2.a(PowerCC26X2_helpers.c.obj)
                0x00002eb8                PowerCC26X2_oschfTrySwitchToXosc
 .text.PowerCC26X2_enableTCXOQual
                0x00002ec0       0x20 C:/ti/simplelink_cc13xx_cc26xx_sdk_7_10_01_24/source\ti/drivers/lib/gcc/m4f/drivers_cc13x2.a(PowerCC26X2_helpers.c.obj)
                0x00002ec0                PowerCC26X2_enableTCXOQual
 .text.PowerCC26X2_disableTCXOQual
                0x00002ee0       0x20 C:/ti/simplelink_cc13xx_cc26xx_sdk_7_10_01_24/source\ti/drivers/lib/gcc/m4f/drivers_cc13x2.a(PowerCC26X2_helpers.c.obj)
                0x00002ee0                PowerCC26X2_disableTCXOQual
 .text.PowerCC26X2_turnOnXosc
                0x00002f00        0x4 C:/ti/simplelink_cc13xx_cc26xx_sdk_7_10_01_24/source\ti/drivers/lib/gcc/m4f/drivers_cc13x2.a(PowerCC26X2_helpers.c.obj)
                0x00002f00                PowerCC26X2_turnOnXosc
 .text.PowerCC26X2_switchToTCXO
                0x00002f04       0x10 C:/ti/simplelink_cc13xx_cc26xx_sdk_7_10_01_24/source\ti/drivers/lib/gcc/m4f/drivers_cc13x2.a(PowerCC26X2_helpers.c.obj)
                0x00002f04                PowerCC26X2_switchToTCXO
 .text.PowerCC26X2_sysCtrlStandby
                0x00002f14        0xc C:/ti/simplelink_cc13xx_cc26xx_sdk_7_10_01_24/source\ti/drivers/lib/gcc/m4f/drivers_cc13x2.a(PowerCC26X2_helpers.c.obj)
                0x00002f14                PowerCC26X2_sysCtrlStandby
 .text.PowerCC26X2_sysCtrlIdle
                0x00002f20        0x4 C:/ti/simplelink_cc13xx_cc26xx_sdk_7_10_01_24/source\ti/drivers/lib/gcc/m4f/drivers_cc13x2.a(PowerCC26X2_helpers.c.obj)
                0x00002f20                PowerCC26X2_sysCtrlIdle
 .text.PowerCC26X2_setPeriphDeepSleepEnable
                0x00002f24        0xc C:/ti/simplelink_cc13xx_cc26xx_sdk_7_10_01_24/source\ti/drivers/lib/gcc/m4f/drivers_cc13x2.a(PowerCC26X2_helpers.c.obj)
                0x00002f24                PowerCC26X2_setPeriphDeepSleepEnable
 .text.PowerCC26X2_sysCtrlGetResetSource
                0x00002f30        0xc C:/ti/simplelink_cc13xx_cc26xx_sdk_7_10_01_24/source\ti/drivers/lib/gcc/m4f/drivers_cc13x2.a(PowerCC26X2_helpers.c.obj)
                0x00002f30                PowerCC26X2_sysCtrlGetResetSource
 .text.PowerCC26X2_setSubSecIncToXoscLf
                0x00002f3c       0x30 C:/ti/simplelink_cc13xx_cc26xx_sdk_7_10_01_24/source\ti/drivers/lib/gcc/m4f/drivers_cc13x2.a(PowerCC26X2_helpers.c.obj)
                0x00002f3c                PowerCC26X2_setSubSecIncToXoscLf
 .text.PowerCC26X2_sysCtrlUpdateVoltageRegulator
                0x00002f6c        0xc C:/ti/simplelink_cc13xx_cc26xx_sdk_7_10_01_24/source\ti/drivers/lib/gcc/m4f/drivers_cc13x2.a(PowerCC26X2_helpers.c.obj)
                0x00002f6c                PowerCC26X2_sysCtrlUpdateVoltageRegulator
 .text.List_put
                0x00002f78       0x2c C:/ti/simplelink_cc13xx_cc26xx_sdk_7_10_01_24/source\ti/drivers/lib/gcc/m4f/drivers_cc13x2.a(List.c.obj)
                0x00002f78                List_put
 .text.NoRTOS_start
                0x00002fa4        0x4 C:/ti/simplelink_cc13xx_cc26xx_sdk_7_10_01_24/kernel/nortos\lib/gcc/m4f/nortos_cc13x2.a(NoRTOS.c.obj)
                0x00002fa4                NoRTOS_start
 .text.clkFxn   0x00002fa8        0x4 C:/ti/simplelink_cc13xx_cc26xx_sdk_7_10_01_24/kernel/nortos\lib/gcc/m4f/nortos_cc13x2.a(SemaphoreP_nortos.c.obj)
                0x00002fa8                clkFxn
 .text.SemaphoreP_constructBinary
                0x00002fac       0x3c C:/ti/simplelink_cc13xx_cc26xx_sdk_7_10_01_24/kernel/nortos\lib/gcc/m4f/nortos_cc13x2.a(SemaphoreP_nortos.c.obj)
                0x00002fac                SemaphoreP_constructBinary
 .text.SemaphoreP_pend
                0x00002fe8       0xfc C:/ti/simplelink_cc13xx_cc26xx_sdk_7_10_01_24/kernel/nortos\lib/gcc/m4f/nortos_cc13x2.a(SemaphoreP_nortos.c.obj)
                0x00002fe8                SemaphoreP_pend
 .text.SemaphoreP_post
                0x000030e4       0x44 C:/ti/simplelink_cc13xx_cc26xx_sdk_7_10_01_24/kernel/nortos\lib/gcc/m4f/nortos_cc13x2.a(SemaphoreP_nortos.c.obj)
                0x000030e4                SemaphoreP_post
 .text.SwiP_Params_init
                0x00003128       0x10 C:/ti/simplelink_cc13xx_cc26xx_sdk_7_10_01_24/kernel/nortos\lib/gcc/m4f/nortos_cc13x2.a(SwiP_nortos.c.obj)
                0x00003128                SwiP_Params_init
 .text.SwiP_construct
                0x00003138      0x104 C:/ti/simplelink_cc13xx_cc26xx_sdk_7_10_01_24/kernel/nortos\lib/gcc/m4f/nortos_cc13x2.a(SwiP_nortos.c.obj)
                0x00003138                SwiP_construct
 .text.SwiP_disable
                0x0000323c       0x1c C:/ti/simplelink_cc13xx_cc26xx_sdk_7_10_01_24/kernel/nortos\lib/gcc/m4f/nortos_cc13x2.a(SwiP_nortos.c.obj)
                0x0000323c                SwiP_disable
 .text.SwiP_dispatch
                0x00003258       0xd4 C:/ti/simplelink_cc13xx_cc26xx_sdk_7_10_01_24/kernel/nortos\lib/gcc/m4f/nortos_cc13x2.a(SwiP_nortos.c.obj)
                0x00003258                SwiP_dispatch
 .text.SwiP_handleHwi
                0x0000332c       0x18 C:/ti/simplelink_cc13xx_cc26xx_sdk_7_10_01_24/kernel/nortos\lib/gcc/m4f/nortos_cc13x2.a(SwiP_nortos.c.obj)
 .text.SwiP_post
                0x00003344       0x70 C:/ti/simplelink_cc13xx_cc26xx_sdk_7_10_01_24/kernel/nortos\lib/gcc/m4f/nortos_cc13x2.a(SwiP_nortos.c.obj)
                0x00003344                SwiP_post
 .text.SwiP_restore
                0x000033b4       0x48 C:/ti/simplelink_cc13xx_cc26xx_sdk_7_10_01_24/kernel/nortos\lib/gcc/m4f/nortos_cc13x2.a(SwiP_nortos.c.obj)
                0x000033b4                SwiP_restore
 .text.ClockP_doTick
                0x000033fc        0xc C:/ti/simplelink_cc13xx_cc26xx_sdk_7_10_01_24/kernel/nortos\lib/gcc/m4f/nortos_cc13x2.a(ClockPTimer_nortos.c.obj)
                0x000033fc                ClockP_doTick
 .text.ClockP_startup.part.0
                0x00003408       0x84 C:/ti/simplelink_cc13xx_cc26xx_sdk_7_10_01_24/kernel/nortos\lib/gcc/m4f/nortos_cc13x2.a(ClockPTimer_nortos.c.obj)
 .text.ClockP_workFuncDynamic
                0x0000348c      0x150 C:/ti/simplelink_cc13xx_cc26xx_sdk_7_10_01_24/kernel/nortos\lib/gcc/m4f/nortos_cc13x2.a(ClockPTimer_nortos.c.obj)
                0x0000348c                ClockP_workFuncDynamic
 .text.ClockP_Params_init
                0x000035dc       0x10 C:/ti/simplelink_cc13xx_cc26xx_sdk_7_10_01_24/kernel/nortos\lib/gcc/m4f/nortos_cc13x2.a(ClockPTimer_nortos.c.obj)
                0x000035dc                ClockP_Params_init
 .text.ClockP_startup
                0x000035ec       0x10 C:/ti/simplelink_cc13xx_cc26xx_sdk_7_10_01_24/kernel/nortos\lib/gcc/m4f/nortos_cc13x2.a(ClockPTimer_nortos.c.obj)
                0x000035ec                ClockP_startup
 .text.ClockP_getTicksUntilInterrupt
                0x000035fc       0x30 C:/ti/simplelink_cc13xx_cc26xx_sdk_7_10_01_24/kernel/nortos\lib/gcc/m4f/nortos_cc13x2.a(ClockPTimer_nortos.c.obj)
                0x000035fc                ClockP_getTicksUntilInterrupt
 .text.ClockP_add
                0x0000362c       0x20 C:/ti/simplelink_cc13xx_cc26xx_sdk_7_10_01_24/kernel/nortos\lib/gcc/m4f/nortos_cc13x2.a(ClockPTimer_nortos.c.obj)
                0x0000362c                ClockP_add
 .text.ClockP_destruct
                0x0000364c       0x1c C:/ti/simplelink_cc13xx_cc26xx_sdk_7_10_01_24/kernel/nortos\lib/gcc/m4f/nortos_cc13x2.a(ClockPTimer_nortos.c.obj)
                0x0000364c                ClockP_destruct
 .text.ClockP_start
                0x00003668       0x98 C:/ti/simplelink_cc13xx_cc26xx_sdk_7_10_01_24/kernel/nortos\lib/gcc/m4f/nortos_cc13x2.a(ClockPTimer_nortos.c.obj)
                0x00003668                ClockP_start
 .text.ClockP_construct
                0x00003700       0x58 C:/ti/simplelink_cc13xx_cc26xx_sdk_7_10_01_24/kernel/nortos\lib/gcc/m4f/nortos_cc13x2.a(ClockPTimer_nortos.c.obj)
                0x00003700                ClockP_construct
 .text.ClockP_stop
                0x00003758        0x8 C:/ti/simplelink_cc13xx_cc26xx_sdk_7_10_01_24/kernel/nortos\lib/gcc/m4f/nortos_cc13x2.a(ClockPTimer_nortos.c.obj)
                0x00003758                ClockP_stop
 .text.ClockP_setTimeout
                0x00003760        0x4 C:/ti/simplelink_cc13xx_cc26xx_sdk_7_10_01_24/kernel/nortos\lib/gcc/m4f/nortos_cc13x2.a(ClockPTimer_nortos.c.obj)
                0x00003760                ClockP_setTimeout
 .text.ClockP_isActive
                0x00003764        0x4 C:/ti/simplelink_cc13xx_cc26xx_sdk_7_10_01_24/kernel/nortos\lib/gcc/m4f/nortos_cc13x2.a(ClockPTimer_nortos.c.obj)
                0x00003764                ClockP_isActive
 .text.ClockP_getCpuFreq
                0x00003768       0x10 C:/ti/simplelink_cc13xx_cc26xx_sdk_7_10_01_24/kernel/nortos\lib/gcc/m4f/nortos_cc13x2.a(ClockPTimer_nortos.c.obj)
                0x00003768                ClockP_getCpuFreq
 .text.ClockP_getSystemTickPeriod
                0x00003778        0xc C:/ti/simplelink_cc13xx_cc26xx_sdk_7_10_01_24/kernel/nortos\lib/gcc/m4f/nortos_cc13x2.a(ClockPTimer_nortos.c.obj)
                0x00003778                ClockP_getSystemTickPeriod
 .text.QueueP_init
                0x00003784        0x8 C:/ti/simplelink_cc13xx_cc26xx_sdk_7_10_01_24/kernel/nortos\lib/gcc/m4f/nortos_cc13x2.a(QueueP_nortos.c.obj)
                0x00003784                QueueP_init
 .text.QueueP_empty
                0x0000378c        0xc C:/ti/simplelink_cc13xx_cc26xx_sdk_7_10_01_24/kernel/nortos\lib/gcc/m4f/nortos_cc13x2.a(QueueP_nortos.c.obj)
                0x0000378c                QueueP_empty
 .text.QueueP_get
                0x00003798       0x1c C:/ti/simplelink_cc13xx_cc26xx_sdk_7_10_01_24/kernel/nortos\lib/gcc/m4f/nortos_cc13x2.a(QueueP_nortos.c.obj)
                0x00003798                QueueP_get
 .text.QueueP_head
                0x000037b4        0x4 C:/ti/simplelink_cc13xx_cc26xx_sdk_7_10_01_24/kernel/nortos\lib/gcc/m4f/nortos_cc13x2.a(QueueP_nortos.c.obj)
                0x000037b4                QueueP_head
 .text.QueueP_next
                0x000037b8        0x4 C:/ti/simplelink_cc13xx_cc26xx_sdk_7_10_01_24/kernel/nortos\lib/gcc/m4f/nortos_cc13x2.a(QueueP_nortos.c.obj)
                0x000037b8                QueueP_next
 .text.QueueP_put
                0x000037bc       0x20 C:/ti/simplelink_cc13xx_cc26xx_sdk_7_10_01_24/kernel/nortos\lib/gcc/m4f/nortos_cc13x2.a(QueueP_nortos.c.obj)
                0x000037bc                QueueP_put
 .text.QueueP_remove
                0x000037dc       0x10 C:/ti/simplelink_cc13xx_cc26xx_sdk_7_10_01_24/kernel/nortos\lib/gcc/m4f/nortos_cc13x2.a(QueueP_nortos.c.obj)
                0x000037dc                QueueP_remove
 .text.HwiP_dispatch
                0x000037ec       0x1c C:/ti/simplelink_cc13xx_cc26xx_sdk_7_10_01_24/kernel/nortos\lib/gcc/m4f/nortos_cc13x2.a(HwiPCC26XX_nortos.c.obj)
 .text.HwiP_enable
                0x00003808        0x4 C:/ti/simplelink_cc13xx_cc26xx_sdk_7_10_01_24/kernel/nortos\lib/gcc/m4f/nortos_cc13x2.a(HwiPCC26XX_nortos.c.obj)
                0x00003808                HwiP_enable
 .text.HwiP_disable
                0x0000380c       0x10 C:/ti/simplelink_cc13xx_cc26xx_sdk_7_10_01_24/kernel/nortos\lib/gcc/m4f/nortos_cc13x2.a(HwiPCC26XX_nortos.c.obj)
                0x0000380c                HwiP_disable
 .text.HwiP_restore
                0x0000381c        0x8 C:/ti/simplelink_cc13xx_cc26xx_sdk_7_10_01_24/kernel/nortos\lib/gcc/m4f/nortos_cc13x2.a(HwiPCC26XX_nortos.c.obj)
                0x0000381c                HwiP_restore
 .text.HwiP_disableInterrupt
                0x00003824        0xc C:/ti/simplelink_cc13xx_cc26xx_sdk_7_10_01_24/kernel/nortos\lib/gcc/m4f/nortos_cc13x2.a(HwiPCC26XX_nortos.c.obj)
                0x00003824                HwiP_disableInterrupt
 .text.HwiP_enableInterrupt
                0x00003830        0xc C:/ti/simplelink_cc13xx_cc26xx_sdk_7_10_01_24/kernel/nortos\lib/gcc/m4f/nortos_cc13x2.a(HwiPCC26XX_nortos.c.obj)
                0x00003830                HwiP_enableInterrupt
 .text.HwiP_construct
                0x0000383c       0x90 C:/ti/simplelink_cc13xx_cc26xx_sdk_7_10_01_24/kernel/nortos\lib/gcc/m4f/nortos_cc13x2.a(HwiPCC26XX_nortos.c.obj)
                0x0000383c                HwiP_construct
 .text.HwiP_Params_init
                0x000038cc       0x14 C:/ti/simplelink_cc13xx_cc26xx_sdk_7_10_01_24/kernel/nortos\lib/gcc/m4f/nortos_cc13x2.a(HwiPCC26XX_nortos.c.obj)
                0x000038cc                HwiP_Params_init
 .text.HwiP_post
                0x000038e0        0xc C:/ti/simplelink_cc13xx_cc26xx_sdk_7_10_01_24/kernel/nortos\lib/gcc/m4f/nortos_cc13x2.a(HwiPCC26XX_nortos.c.obj)
                0x000038e0                HwiP_post
 .text.HwiP_inISR
                0x000038ec       0x14 C:/ti/simplelink_cc13xx_cc26xx_sdk_7_10_01_24/kernel/nortos\lib/gcc/m4f/nortos_cc13x2.a(HwiPCC26XX_nortos.c.obj)
                0x000038ec                HwiP_inISR
 .text.PowerCC26XX_standbyPolicy
                0x00003900       0xf0 C:/ti/simplelink_cc13xx_cc26xx_sdk_7_10_01_24/kernel/nortos\lib/gcc/m4f/nortos_cc13x2.a(PowerCC26X2_nortos.c.obj)
                0x00003900                PowerCC26XX_standbyPolicy
 .text.PowerCC26XX_schedulerDisable
                0x000039f0       0x10 C:/ti/simplelink_cc13xx_cc26xx_sdk_7_10_01_24/kernel/nortos\lib/gcc/m4f/nortos_cc13x2.a(PowerCC26X2_nortos.c.obj)
                0x000039f0                PowerCC26XX_schedulerDisable
 .text.PowerCC26XX_schedulerRestore
                0x00003a00        0xc C:/ti/simplelink_cc13xx_cc26xx_sdk_7_10_01_24/kernel/nortos\lib/gcc/m4f/nortos_cc13x2.a(PowerCC26X2_nortos.c.obj)
                0x00003a00                PowerCC26XX_schedulerRestore
 .text.TimerP_dynamicStub
                0x00003a0c       0x20 C:/ti/simplelink_cc13xx_cc26xx_sdk_7_10_01_24/kernel/nortos\lib/gcc/m4f/nortos_cc13x2.a(TimerPCC26XX_nortos.c.obj)
                0x00003a0c                TimerP_dynamicStub
 .text.TimerP_Params_init
                0x00003a2c       0x10 C:/ti/simplelink_cc13xx_cc26xx_sdk_7_10_01_24/kernel/nortos\lib/gcc/m4f/nortos_cc13x2.a(TimerPCC26XX_nortos.c.obj)
                0x00003a2c                TimerP_Params_init
 .text.TimerP_construct
                0x00003a3c      0x104 C:/ti/simplelink_cc13xx_cc26xx_sdk_7_10_01_24/kernel/nortos\lib/gcc/m4f/nortos_cc13x2.a(TimerPCC26XX_nortos.c.obj)
                0x00003a3c                TimerP_construct
 .text.TimerP_getMaxTicks
                0x00003b40       0x28 C:/ti/simplelink_cc13xx_cc26xx_sdk_7_10_01_24/kernel/nortos\lib/gcc/m4f/nortos_cc13x2.a(TimerPCC26XX_nortos.c.obj)
                0x00003b40                TimerP_getMaxTicks
 .text.TimerP_setNextTick
                0x00003b68       0x50 C:/ti/simplelink_cc13xx_cc26xx_sdk_7_10_01_24/kernel/nortos\lib/gcc/m4f/nortos_cc13x2.a(TimerPCC26XX_nortos.c.obj)
                0x00003b68                TimerP_setNextTick
 .text.TimerP_getCurrentTick
                0x00003bb8       0x34 C:/ti/simplelink_cc13xx_cc26xx_sdk_7_10_01_24/kernel/nortos\lib/gcc/m4f/nortos_cc13x2.a(TimerPCC26XX_nortos.c.obj)
                0x00003bb8                TimerP_getCurrentTick
 .text.resetISR
                0x00003bec       0x10 C:/ti/simplelink_cc13xx_cc26xx_sdk_7_10_01_24/kernel/nortos\lib/gcc/m4f/nortos_cc13x2.a(startup_cc13x2_cc26x2_gcc.c.obj)
                0x00003bec                resetISR
 .text.nmiISR   0x00003bfc        0x4 C:/ti/simplelink_cc13xx_cc26xx_sdk_7_10_01_24/kernel/nortos\lib/gcc/m4f/nortos_cc13x2.a(startup_cc13x2_cc26x2_gcc.c.obj)
 .text.faultISR
                0x00003c00        0x4 C:/ti/simplelink_cc13xx_cc26xx_sdk_7_10_01_24/kernel/nortos\lib/gcc/m4f/nortos_cc13x2.a(startup_cc13x2_cc26x2_gcc.c.obj)
 .text.busFaultHandler
                0x00003c04        0x4 C:/ti/simplelink_cc13xx_cc26xx_sdk_7_10_01_24/kernel/nortos\lib/gcc/m4f/nortos_cc13x2.a(startup_cc13x2_cc26x2_gcc.c.obj)
 .text.defaultHandler
                0x00003c08        0x4 C:/ti/simplelink_cc13xx_cc26xx_sdk_7_10_01_24/kernel/nortos\lib/gcc/m4f/nortos_cc13x2.a(startup_cc13x2_cc26x2_gcc.c.obj)
 .text.localProgramStart
                0x00003c0c       0x88 C:/ti/simplelink_cc13xx_cc26xx_sdk_7_10_01_24/kernel/nortos\lib/gcc/m4f/nortos_cc13x2.a(startup_cc13x2_cc26x2_gcc.c.obj)
                0x00003c0c                localProgramStart
 .text._fini    0x00003c94        0x4 C:/ti/simplelink_cc13xx_cc26xx_sdk_7_10_01_24/kernel/nortos\lib/gcc/m4f/nortos_cc13x2.a(startup_cc13x2_cc26x2_gcc.c.obj)
                0x00003c94                _fini
 .text.OSCHfSourceSwitch
                0x00003c98       0x34 C:/ti/simplelink_cc13xx_cc26xx_sdk_7_10_01_24/source\ti/devices/cc13x2_cc26x2/driverlib/bin/gcc/driverlib.lib(osc.o)
 .text.InternCapArrayAdjustWithBaseline7001F
                0x00003ccc       0x2c C:/ti/simplelink_cc13xx_cc26xx_sdk_7_10_01_24/source\ti/devices/cc13x2_cc26x2/driverlib/bin/gcc/driverlib.lib(osc.o)
 .text.SpecialCapArrayWorkaroundEnabledAndNeeded
                0x00003cf8       0x30 C:/ti/simplelink_cc13xx_cc26xx_sdk_7_10_01_24/source\ti/devices/cc13x2_cc26x2/driverlib/bin/gcc/driverlib.lib(osc.o)
 .text.NOROM_OSCHF_TurnOnXosc
                0x00003d28       0x24 C:/ti/simplelink_cc13xx_cc26xx_sdk_7_10_01_24/source\ti/devices/cc13x2_cc26x2/driverlib/bin/gcc/driverlib.lib(osc.o)
                0x00003d28                NOROM_OSCHF_TurnOnXosc
 .text.NOROM_OSCHF_AttemptToSwitchToXosc
                0x00003d4c       0x6c C:/ti/simplelink_cc13xx_cc26xx_sdk_7_10_01_24/source\ti/devices/cc13x2_cc26x2/driverlib/bin/gcc/driverlib.lib(osc.o)
                0x00003d4c                NOROM_OSCHF_AttemptToSwitchToXosc
 .text.NOROM_OSCHF_SwitchToRcOscTurnOffXosc
                0x00003db8       0x40 C:/ti/simplelink_cc13xx_cc26xx_sdk_7_10_01_24/source\ti/devices/cc13x2_cc26x2/driverlib/bin/gcc/driverlib.lib(osc.o)
                0x00003db8                NOROM_OSCHF_SwitchToRcOscTurnOffXosc
 .text.NOROM_OSC_CapArrayAdjustWorkaround_Boot
                0x00003df8       0x28 C:/ti/simplelink_cc13xx_cc26xx_sdk_7_10_01_24/source\ti/devices/cc13x2_cc26x2/driverlib/bin/gcc/driverlib.lib(osc.o)
                0x00003df8                NOROM_OSC_CapArrayAdjustWorkaround_Boot
 .text.NOROM_OSC_HPOSCRelativeFrequencyOffsetGet
                0x00003e20       0x40 C:/ti/simplelink_cc13xx_cc26xx_sdk_7_10_01_24/source\ti/devices/cc13x2_cc26x2/driverlib/bin/gcc/driverlib.lib(osc.o)
                0x00003e20                NOROM_OSC_HPOSCRelativeFrequencyOffsetGet
 .text.NOROM_CPUcpsid
                0x00003e60        0x8 C:/ti/simplelink_cc13xx_cc26xx_sdk_7_10_01_24/source\ti/devices/cc13x2_cc26x2/driverlib/bin/gcc/driverlib.lib(cpu.o)
                0x00003e60                NOROM_CPUcpsid
 .text.NOROM_CPUcpsie
                0x00003e68        0x8 C:/ti/simplelink_cc13xx_cc26xx_sdk_7_10_01_24/source\ti/devices/cc13x2_cc26x2/driverlib/bin/gcc/driverlib.lib(cpu.o)
                0x00003e68                NOROM_CPUcpsie
 .text.NOROM_CPUdelay
                0x00003e70        0x6 C:/ti/simplelink_cc13xx_cc26xx_sdk_7_10_01_24/source\ti/devices/cc13x2_cc26x2/driverlib/bin/gcc/driverlib.lib(cpu.o)
                0x00003e70                NOROM_CPUdelay
 *fill*         0x00003e76        0x2 
 .text.NOROM_IntRegister
                0x00003e78       0x34 C:/ti/simplelink_cc13xx_cc26xx_sdk_7_10_01_24/source\ti/devices/cc13x2_cc26x2/driverlib/bin/gcc/driverlib.lib(interrupt.o)
                0x00003e78                NOROM_IntRegister
 .text.TrimAfterColdResetWakeupFromShutDown
                0x00003eac       0xd0 C:/ti/simplelink_cc13xx_cc26xx_sdk_7_10_01_24/source\ti/devices/cc13x2_cc26x2/driverlib/bin/gcc/driverlib.lib(setup.o)
 .text.NOROM_SetupTrimDevice
                0x00003f7c       0xe4 C:/ti/simplelink_cc13xx_cc26xx_sdk_7_10_01_24/source\ti/devices/cc13x2_cc26x2/driverlib/bin/gcc/driverlib.lib(setup.o)
                0x00003f7c                NOROM_SetupTrimDevice
 .text.NOROM_PRCMPowerDomainsAllOff
                0x00004060       0x48 C:/ti/simplelink_cc13xx_cc26xx_sdk_7_10_01_24/source\ti/devices/cc13x2_cc26x2/driverlib/bin/gcc/driverlib.lib(prcm.o)
                0x00004060                NOROM_PRCMPowerDomainsAllOff
 .text.NOROM_PRCMPowerDomainsAllOn
                0x000040a8       0x44 C:/ti/simplelink_cc13xx_cc26xx_sdk_7_10_01_24/source\ti/devices/cc13x2_cc26x2/driverlib/bin/gcc/driverlib.lib(prcm.o)
                0x000040a8                NOROM_PRCMPowerDomainsAllOn
 .text.NOROM_AUXSYSIFOpModeChange
                0x000040ec       0x3c C:/ti/simplelink_cc13xx_cc26xx_sdk_7_10_01_24/source\ti/devices/cc13x2_cc26x2/driverlib/bin/gcc/driverlib.lib(aux_sysif.o)
                0x000040ec                NOROM_AUXSYSIFOpModeChange
 .text.NOROM_SysCtrlIdle
                0x00004128       0x38 C:/ti/simplelink_cc13xx_cc26xx_sdk_7_10_01_24/source\ti/devices/cc13x2_cc26x2/driverlib/bin/gcc/driverlib.lib(sys_ctrl.o)
                0x00004128                NOROM_SysCtrlIdle
 .text.NOROM_SysCtrlSetRechargeBeforePowerDown
                0x00004160       0x80 C:/ti/simplelink_cc13xx_cc26xx_sdk_7_10_01_24/source\ti/devices/cc13x2_cc26x2/driverlib/bin/gcc/driverlib.lib(sys_ctrl.o)
                0x00004160                NOROM_SysCtrlSetRechargeBeforePowerDown
 .text.NOROM_SysCtrlStandby
                0x000041e0       0xfc C:/ti/simplelink_cc13xx_cc26xx_sdk_7_10_01_24/source\ti/devices/cc13x2_cc26x2/driverlib/bin/gcc/driverlib.lib(sys_ctrl.o)
                0x000041e0                NOROM_SysCtrlStandby
 .text.NOROM_ChipInfo_GetChipFamily
                0x000042dc       0x1c C:/ti/simplelink_cc13xx_cc26xx_sdk_7_10_01_24/source\ti/devices/cc13x2_cc26x2/driverlib/bin/gcc/driverlib.lib(chipinfo.o)
                0x000042dc                NOROM_ChipInfo_GetChipFamily
 .text.NOROM_ChipInfo_GetHwRevision
                0x000042f8       0x48 C:/ti/simplelink_cc13xx_cc26xx_sdk_7_10_01_24/source\ti/devices/cc13x2_cc26x2/driverlib/bin/gcc/driverlib.lib(chipinfo.o)
                0x000042f8                NOROM_ChipInfo_GetHwRevision
 .text.NOROM_ThisLibraryIsFor_CC13x2_CC26x2_HwRev20AndLater_HaltIfViolated
                0x00004340       0x16 C:/ti/simplelink_cc13xx_cc26xx_sdk_7_10_01_24/source\ti/devices/cc13x2_cc26x2/driverlib/bin/gcc/driverlib.lib(chipinfo.o)
                0x00004340                NOROM_ThisLibraryIsFor_CC13x2_CC26x2_HwRev20AndLater_HaltIfViolated
 .text.memcpy   0x00004356       0x1c c:/ti/gcc_arm_none_eabi_9_2_1/bin/../lib/gcc/arm-none-eabi/9.2.1/../../../../arm-none-eabi/lib/thumb/v7e-m+fp/hard\libc_nano.a(lib_a-memcpy-stub.o)
                0x00004356                memcpy
 .text.memset   0x00004372       0x10 c:/ti/gcc_arm_none_eabi_9_2_1/bin/../lib/gcc/arm-none-eabi/9.2.1/../../../../arm-none-eabi/lib/thumb/v7e-m+fp/hard\libc_nano.a(lib_a-memset.o)
                0x00004372                memset
 *fill*         0x00004382        0x2 
 .text._free_r  0x00004384       0xa0 c:/ti/gcc_arm_none_eabi_9_2_1/bin/../lib/gcc/arm-none-eabi/9.2.1/../../../../arm-none-eabi/lib/thumb/v7e-m+fp/hard\libc_nano.a(lib_a-nano-freer.o)
                0x00004384                _free_r
 .text._malloc_r
                0x00004424       0xb4 c:/ti/gcc_arm_none_eabi_9_2_1/bin/../lib/gcc/arm-none-eabi/9.2.1/../../../../arm-none-eabi/lib/thumb/v7e-m+fp/hard\libc_nano.a(lib_a-nano-mallocr.o)
                0x00004424                _malloc_r
 .text._sbrk_r  0x000044d8       0x20 c:/ti/gcc_arm_none_eabi_9_2_1/bin/../lib/gcc/arm-none-eabi/9.2.1/../../../../arm-none-eabi/lib/thumb/v7e-m+fp/hard\libc_nano.a(lib_a-sbrkr.o)
                0x000044d8                _sbrk_r
 .text.sprintf  0x000044f8       0x40 c:/ti/gcc_arm_none_eabi_9_2_1/bin/../lib/gcc/arm-none-eabi/9.2.1/../../../../arm-none-eabi/lib/thumb/v7e-m+fp/hard\libc_nano.a(lib_a-sprintf.o)
                0x000044f8                siprintf
                0x000044f8                sprintf
 .text.__malloc_lock
                0x00004538        0xc c:/ti/gcc_arm_none_eabi_9_2_1/bin/../lib/gcc/arm-none-eabi/9.2.1/../../../../arm-none-eabi/lib/thumb/v7e-m+fp/hard\libc_nano.a(lib_a-mlock.o)
                0x00004538                __malloc_lock
 .text.__malloc_unlock
                0x00004544        0xc c:/ti/gcc_arm_none_eabi_9_2_1/bin/../lib/gcc/arm-none-eabi/9.2.1/../../../../arm-none-eabi/lib/thumb/v7e-m+fp/hard\libc_nano.a(lib_a-mlock.o)
                0x00004544                __malloc_unlock
 .text.__ssputs_r
                0x00004550       0xb6 c:/ti/gcc_arm_none_eabi_9_2_1/bin/../lib/gcc/arm-none-eabi/9.2.1/../../../../arm-none-eabi/lib/thumb/v7e-m+fp/hard\libc_nano.a(lib_a-nano-svfprintf.o)
                0x00004550                __ssputs_r
 *fill*         0x00004606        0x2 
 .text._svfprintf_r
                0x00004608      0x200 c:/ti/gcc_arm_none_eabi_9_2_1/bin/../lib/gcc/arm-none-eabi/9.2.1/../../../../arm-none-eabi/lib/thumb/v7e-m+fp/hard\libc_nano.a(lib_a-nano-svfprintf.o)
                0x00004608                _svfiprintf_r
                0x00004608                _svfprintf_r
 .text._printf_common
                0x00004808       0xda c:/ti/gcc_arm_none_eabi_9_2_1/bin/../lib/gcc/arm-none-eabi/9.2.1/../../../../arm-none-eabi/lib/thumb/v7e-m+fp/hard\libc_nano.a(lib_a-nano-vfprintf_i.o)
                0x00004808                _printf_common
 *fill*         0x000048e2        0x2 
 .text._printf_i
                0x000048e4      0x24c c:/ti/gcc_arm_none_eabi_9_2_1/bin/../lib/gcc/arm-none-eabi/9.2.1/../../../../arm-none-eabi/lib/thumb/v7e-m+fp/hard\libc_nano.a(lib_a-nano-vfprintf_i.o)
                0x000048e4                _printf_i
 .text.__retarget_lock_acquire_recursive
                0x00004b30        0x2 c:/ti/gcc_arm_none_eabi_9_2_1/bin/../lib/gcc/arm-none-eabi/9.2.1/../../../../arm-none-eabi/lib/thumb/v7e-m+fp/hard\libc_nano.a(lib_a-lock.o)
                0x00004b30                __retarget_lock_acquire_recursive
 .text.__retarget_lock_release_recursive
                0x00004b32        0x2 c:/ti/gcc_arm_none_eabi_9_2_1/bin/../lib/gcc/arm-none-eabi/9.2.1/../../../../arm-none-eabi/lib/thumb/v7e-m+fp/hard\libc_nano.a(lib_a-lock.o)
                0x00004b32                __retarget_lock_release_recursive
 .text.memmove  0x00004b34       0x34 c:/ti/gcc_arm_none_eabi_9_2_1/bin/../lib/gcc/arm-none-eabi/9.2.1/../../../../arm-none-eabi/lib/thumb/v7e-m+fp/hard\libc_nano.a(lib_a-memmove.o)
                0x00004b34                memmove
 .text._realloc_r
                0x00004b68       0x4c c:/ti/gcc_arm_none_eabi_9_2_1/bin/../lib/gcc/arm-none-eabi/9.2.1/../../../../arm-none-eabi/lib/thumb/v7e-m+fp/hard\libc_nano.a(lib_a-nano-reallocr.o)
                0x00004b68                _realloc_r
 .text._malloc_usable_size_r
                0x00004bb4       0x10 c:/ti/gcc_arm_none_eabi_9_2_1/bin/../lib/gcc/arm-none-eabi/9.2.1/../../../../arm-none-eabi/lib/thumb/v7e-m+fp/hard\libc_nano.a(lib_a-nano-msizer.o)
                0x00004bb4                _malloc_usable_size_r
 .text._sbrk    0x00004bc4       0x1c c:/ti/gcc_arm_none_eabi_9_2_1/bin/../lib/gcc/arm-none-eabi/9.2.1/../../../../arm-none-eabi/lib/thumb/v7e-m+fp/hard\libnosys.a(sbrk.o)
                0x00004bc4                _sbrk
                0x00004be0                . = ALIGN (0x4)
 *(.ctors)
                0x00004be0                . = ALIGN (0x4)
 *(.dtors)
                0x00004be0                . = ALIGN (0x4)
                0x00004be0                __init_array_start = .
 *(.init_array*)
                0x00004be0                __init_array_end = .
 *(.init)
 *(.fini*)
                [!provide]                PROVIDE (__etext = .)
                [!provide]                PROVIDE (_etext = .)
                [!provide]                PROVIDE (etext = .)

.glue_7         0x00004be0        0x0
 .glue_7        0x00004be0        0x0 linker stubs

.glue_7t        0x00004be0        0x0
 .glue_7t       0x00004be0        0x0 linker stubs

.vfp11_veneer   0x00004be0        0x0
 .vfp11_veneer  0x00004be0        0x0 linker stubs

.v4_bx          0x00004be0        0x0
 .v4_bx         0x00004be0        0x0 linker stubs

.iplt           0x00004be0        0x0
 .iplt          0x00004be0        0x0 ./gpiointerrupt.o

.rodata         0x00004be0      0x417
 *(.rodata)
 *(.rodata.*)
 .rodata.mainThread.str1.4
                0x00004be0       0x1c ./gpiointerrupt.o
 .rodata.BasicFont
                0x00004bfc      0x300 ./gpiointerrupt.o
                0x00004bfc                BasicFont
 .rodata.GPIO_config
                0x00004efc       0x10 ./syscfg/ti_drivers_config.o
                0x00004efc                GPIO_config
 .rodata.GPIO_pinLowerBound
                0x00004f0c        0x1 ./syscfg/ti_drivers_config.o
                0x00004f0c                GPIO_pinLowerBound
 .rodata.GPIO_pinUpperBound
                0x00004f0d        0x1 ./syscfg/ti_drivers_config.o
                0x00004f0d                GPIO_pinUpperBound
 *fill*         0x00004f0e        0x2 
 .rodata.I2C_config
                0x00004f10        0x8 ./syscfg/ti_drivers_config.o
                0x00004f10                I2C_config
 .rodata.I2C_count
                0x00004f18        0x1 ./syscfg/ti_drivers_config.o
                0x00004f18                I2C_count
 *fill*         0x00004f19        0x3 
 .rodata.PowerCC26X2_config
                0x00004f1c       0x14 ./syscfg/ti_drivers_config.o
                0x00004f1c                PowerCC26X2_config
 .rodata.i2cCC26xxHWAttrs
                0x00004f30       0x18 ./syscfg/ti_drivers_config.o
                0x00004f30                i2cCC26xxHWAttrs
 .rodata.I2C_defaultParams
                0x00004f48       0x10 C:/ti/simplelink_cc13xx_cc26xx_sdk_7_10_01_24/source\ti/drivers/lib/gcc/m4f/drivers_cc13x2.a(I2CCC26XX.c.obj)
 .rodata.resourceDB
                0x00004f58       0x54 C:/ti/simplelink_cc13xx_cc26xx_sdk_7_10_01_24/source\ti/drivers/lib/gcc/m4f/drivers_cc13x2.a(PowerCC26X2.c.obj)
                0x00004f58                resourceDB
 .rodata.SwiP_defaultParams
                0x00004fac       0x10 C:/ti/simplelink_cc13xx_cc26xx_sdk_7_10_01_24/kernel/nortos\lib/gcc/m4f/nortos_cc13x2.a(SwiP_nortos.c.obj)
 .rodata.g_OpMode_to_order
                0x00004fbc        0x4 C:/ti/simplelink_cc13xx_cc26xx_sdk_7_10_01_24/source\ti/devices/cc13x2_cc26x2/driverlib/bin/gcc/driverlib.lib(aux_sysif.o)
 .rodata.g_Order_to_OpMode
                0x00004fc0        0x4 C:/ti/simplelink_cc13xx_cc26xx_sdk_7_10_01_24/source\ti/devices/cc13x2_cc26x2/driverlib/bin/gcc/driverlib.lib(aux_sysif.o)
 .rodata._svfprintf_r.str1.1
                0x00004fc4       0x11 c:/ti/gcc_arm_none_eabi_9_2_1/bin/../lib/gcc/arm-none-eabi/9.2.1/../../../../arm-none-eabi/lib/thumb/v7e-m+fp/hard\libc_nano.a(lib_a-nano-svfprintf.o)
 .rodata._printf_i.str1.1
                0x00004fd5       0x22 c:/ti/gcc_arm_none_eabi_9_2_1/bin/../lib/gcc/arm-none-eabi/9.2.1/../../../../arm-none-eabi/lib/thumb/v7e-m+fp/hard\libc_nano.a(lib_a-nano-vfprintf_i.o)

.data           0x200000d8      0x27c load address 0x00004ff8
                0x00004ff8                __data_load__ = LOADADDR (.data)
                0x200000d8                __data_start__ = .
 *(.data)
 *(.data.*)
 .data.cmdMesure
                0x200000d8        0x2 ./gpiointerrupt.o
                0x200000d8                cmdMesure
 *fill*         0x200000da        0x2 
 .data.resolution
                0x200000dc        0x4 ./gpiointerrupt.o
                0x200000dc                resolution
 .data.gpioPinConfigs
                0x200000e0       0x7c ./syscfg/ti_drivers_config.o
                0x200000e0                gpioPinConfigs
 .data.PowerCC26X2_module
                0x2000015c      0x174 C:/ti/simplelink_cc13xx_cc26xx_sdk_7_10_01_24/source\ti/drivers/lib/gcc/m4f/drivers_cc13x2.a(PowerCC26X2.c.obj)
                0x2000015c                PowerCC26X2_module
 .data.PowerCC26X2_rtcSubSecInc
                0x200002d0        0x4 C:/ti/simplelink_cc13xx_cc26xx_sdk_7_10_01_24/source\ti/drivers/lib/gcc/m4f/drivers_cc13x2.a(PowerCC26X2.c.obj)
 .data.SemaphoreP_defaultParams
                0x200002d4        0x8 C:/ti/simplelink_cc13xx_cc26xx_sdk_7_10_01_24/kernel/nortos\lib/gcc/m4f/nortos_cc13x2.a(SemaphoreP_nortos.c.obj)
                0x200002d4                SemaphoreP_defaultParams
 .data.ClockP_tickPeriod
                0x200002dc        0x4 C:/ti/simplelink_cc13xx_cc26xx_sdk_7_10_01_24/kernel/nortos\lib/gcc/m4f/nortos_cc13x2.a(ClockPTimer_nortos.c.obj)
                0x200002dc                ClockP_tickPeriod
 .data.HwiP_swiPIntNum
                0x200002e0        0x4 C:/ti/simplelink_cc13xx_cc26xx_sdk_7_10_01_24/kernel/nortos\lib/gcc/m4f/nortos_cc13x2.a(HwiPCC26XX_nortos.c.obj)
                0x200002e0                HwiP_swiPIntNum
 .data.TimerP_defaultParams
                0x200002e4        0xc C:/ti/simplelink_cc13xx_cc26xx_sdk_7_10_01_24/kernel/nortos\lib/gcc/m4f/nortos_cc13x2.a(TimerPCC26XX_nortos.c.obj)
 .data._impure_ptr
                0x200002f0        0x4 c:/ti/gcc_arm_none_eabi_9_2_1/bin/../lib/gcc/arm-none-eabi/9.2.1/../../../../arm-none-eabi/lib/thumb/v7e-m+fp/hard\libc_nano.a(lib_a-impure.o)
                0x200002f0                _impure_ptr
 .data.impure_data
                0x200002f4       0x60 c:/ti/gcc_arm_none_eabi_9_2_1/bin/../lib/gcc/arm-none-eabi/9.2.1/../../../../arm-none-eabi/lib/thumb/v7e-m+fp/hard\libc_nano.a(lib_a-impure.o)
                0x20000354                . = ALIGN (0x4)
                0x20000354                __data_end__ = .

.igot.plt       0x20000354        0x0 load address 0x00005274
 .igot.plt      0x20000354        0x0 ./gpiointerrupt.o

.ARM.exidx      0x00005274        0x8
                0x00005274                __exidx_start = .
 *(.ARM.exidx* .gnu.linkonce.armexidx.*)
 .ARM.exidx     0x00005274        0x8 c:/ti/gcc_arm_none_eabi_9_2_1/bin/../lib/gcc/arm-none-eabi/9.2.1/thumb/v7e-m+fp/hard\libgcc.a(_udivmoddi4.o)
                0x0000527c                __exidx_end = .

.ARM.extab
 *(.ARM.extab* .gnu.linkonce.armextab.*)

.nvs
 *(.nvs)

.ccfg           0x00057fa8       0x58
 *(.ccfg)
 .ccfg          0x00057fa8       0x58 ./syscfg/ti_devices_config.o
                0x00057fa8                __ccfg

.rel.dyn        0x00058000        0x0
 .rel.iplt      0x00058000        0x0 ./gpiointerrupt.o

.bss            0x20000358      0x514
                0x20000358                __bss_start__ = .
 *(.shbss)
 *(.bss)
 *(.bss.*)
 .bss.i2cTransaction
                0x20000358       0x20 ./gpiointerrupt.o
                0x20000358                i2cTransaction
 .bss.gpioHwi   0x20000378       0x1c C:/ti/simplelink_cc13xx_cc26xx_sdk_7_10_01_24/source\ti/drivers/lib/gcc/m4f/drivers_cc13x2.a(GPIOCC26X2.c.obj)
 .bss.initCalled
                0x20000394        0x1 C:/ti/simplelink_cc13xx_cc26xx_sdk_7_10_01_24/source\ti/drivers/lib/gcc/m4f/drivers_cc13x2.a(GPIOCC26X2.c.obj)
 .bss.SemaphoreP_initialized
                0x20000395        0x1 C:/ti/simplelink_cc13xx_cc26xx_sdk_7_10_01_24/kernel/nortos\lib/gcc/m4f/nortos_cc13x2.a(SemaphoreP_nortos.c.obj)
 .bss.doEnablePolicy
                0x20000396        0x1 C:/ti/simplelink_cc13xx_cc26xx_sdk_7_10_01_24/kernel/nortos\lib/gcc/m4f/nortos_cc13x2.a(SemaphoreP_nortos.c.obj)
 .bss.pendInProgress
                0x20000397        0x1 C:/ti/simplelink_cc13xx_cc26xx_sdk_7_10_01_24/kernel/nortos\lib/gcc/m4f/nortos_cc13x2.a(SemaphoreP_nortos.c.obj)
 .bss.SwiP_currentTrigger
                0x20000398        0x4 C:/ti/simplelink_cc13xx_cc26xx_sdk_7_10_01_24/kernel/nortos\lib/gcc/m4f/nortos_cc13x2.a(SwiP_nortos.c.obj)
 .bss.SwiP_hwiStruct
                0x2000039c       0x1c C:/ti/simplelink_cc13xx_cc26xx_sdk_7_10_01_24/kernel/nortos\lib/gcc/m4f/nortos_cc13x2.a(SwiP_nortos.c.obj)
 .bss.SwiP_initialized
                0x200003b8        0x1 C:/ti/simplelink_cc13xx_cc26xx_sdk_7_10_01_24/kernel/nortos\lib/gcc/m4f/nortos_cc13x2.a(SwiP_nortos.c.obj)
 *fill*         0x200003b9        0x3 
 .bss.SwiP_lockState
                0x200003bc        0x4 C:/ti/simplelink_cc13xx_cc26xx_sdk_7_10_01_24/kernel/nortos\lib/gcc/m4f/nortos_cc13x2.a(SwiP_nortos.c.obj)
 .bss.SwiP_readyList
                0x200003c0       0x20 C:/ti/simplelink_cc13xx_cc26xx_sdk_7_10_01_24/kernel/nortos\lib/gcc/m4f/nortos_cc13x2.a(SwiP_nortos.c.obj)
 .bss.SwiP_readyMask
                0x200003e0        0x4 C:/ti/simplelink_cc13xx_cc26xx_sdk_7_10_01_24/kernel/nortos\lib/gcc/m4f/nortos_cc13x2.a(SwiP_nortos.c.obj)
 .bss.SwiP_schedulerRunning
                0x200003e4        0x1 C:/ti/simplelink_cc13xx_cc26xx_sdk_7_10_01_24/kernel/nortos\lib/gcc/m4f/nortos_cc13x2.a(SwiP_nortos.c.obj)
 *fill*         0x200003e5        0x3 
 .bss.ClockP_defaultParams
                0x200003e8        0xc C:/ti/simplelink_cc13xx_cc26xx_sdk_7_10_01_24/kernel/nortos\lib/gcc/m4f/nortos_cc13x2.a(ClockPTimer_nortos.c.obj)
 .bss.ClockP_initialized
                0x200003f4        0x1 C:/ti/simplelink_cc13xx_cc26xx_sdk_7_10_01_24/kernel/nortos\lib/gcc/m4f/nortos_cc13x2.a(ClockPTimer_nortos.c.obj)
 *fill*         0x200003f5        0x3 
 .bss.ClockP_module
                0x200003f8       0xa8 C:/ti/simplelink_cc13xx_cc26xx_sdk_7_10_01_24/kernel/nortos\lib/gcc/m4f/nortos_cc13x2.a(ClockPTimer_nortos.c.obj)
 .bss.HwiP_dispatchTable
                0x200004a0       0xd8 C:/ti/simplelink_cc13xx_cc26xx_sdk_7_10_01_24/kernel/nortos\lib/gcc/m4f/nortos_cc13x2.a(HwiPCC26XX_nortos.c.obj)
 .bss.PowerCC26X2_swiKey
                0x20000578        0x4 C:/ti/simplelink_cc13xx_cc26xx_sdk_7_10_01_24/kernel/nortos\lib/gcc/m4f/nortos_cc13x2.a(PowerCC26X2_nortos.c.obj)
 .bss.TimerP_handle
                0x2000057c        0x4 C:/ti/simplelink_cc13xx_cc26xx_sdk_7_10_01_24/kernel/nortos\lib/gcc/m4f/nortos_cc13x2.a(TimerPCC26XX_nortos.c.obj)
 .bss.TimerP_hwiStruct
                0x20000580       0x1c C:/ti/simplelink_cc13xx_cc26xx_sdk_7_10_01_24/kernel/nortos\lib/gcc/m4f/nortos_cc13x2.a(TimerPCC26XX_nortos.c.obj)
 .bss.TimerP_initialized
                0x2000059c        0x1 C:/ti/simplelink_cc13xx_cc26xx_sdk_7_10_01_24/kernel/nortos\lib/gcc/m4f/nortos_cc13x2.a(TimerPCC26XX_nortos.c.obj)
 *fill*         0x2000059d        0x3 
 .bss._hposcCoeffs
                0x200005a0       0x10 C:/ti/simplelink_cc13xx_cc26xx_sdk_7_10_01_24/source\ti/devices/cc13x2_cc26x2/driverlib/bin/gcc/driverlib.lib(osc.o)
                0x200005a0                _hposcCoeffs
 .bss.oscHfGlobals
                0x200005b0       0x14 C:/ti/simplelink_cc13xx_cc26xx_sdk_7_10_01_24/source\ti/devices/cc13x2_cc26x2/driverlib/bin/gcc/driverlib.lib(osc.o)
 .bss.__malloc_free_list
                0x200005c4        0x4 c:/ti/gcc_arm_none_eabi_9_2_1/bin/../lib/gcc/arm-none-eabi/9.2.1/../../../../arm-none-eabi/lib/thumb/v7e-m+fp/hard\libc_nano.a(lib_a-nano-mallocr.o)
                0x200005c4                __malloc_free_list
 .bss.__malloc_sbrk_start
                0x200005c8        0x4 c:/ti/gcc_arm_none_eabi_9_2_1/bin/../lib/gcc/arm-none-eabi/9.2.1/../../../../arm-none-eabi/lib/thumb/v7e-m+fp/hard\libc_nano.a(lib_a-nano-mallocr.o)
                0x200005c8                __malloc_sbrk_start
 .bss.heap_end.5507
                0x200005cc        0x4 c:/ti/gcc_arm_none_eabi_9_2_1/bin/../lib/gcc/arm-none-eabi/9.2.1/../../../../arm-none-eabi/lib/thumb/v7e-m+fp/hard\libnosys.a(sbrk.o)
 *(COMMON)
 COMMON         0x200005d0       0x54 ./gpiointerrupt.o
                0x200005d0                data_GM_102B
                0x200005d2                rawtemperature
                0x200005d4                rawhumidity
                0x200005d8                data_GM_702B
                0x200005da                grayH
                0x200005dc                temperature
                0x200005e0                gasData_C2H5OH
                0x200005e4                data_SHT
                0x200005ec                data_GM_502B
                0x200005f0                i2cParams
                0x20000600                humidity
                0x20000604                rawGasData_No2
                0x20000606                rawGasDataVoc
                0x20000608                i2c
                0x2000060c                gasDataVoc
                0x20000610                grayL
                0x20000612                rawGasData_C2H5OH
                0x20000614                gasData_No2
                0x20000618                rawGasDataCo
                0x2000061c                data_GM_302B
                0x20000620                gasDataCo
 COMMON         0x20000624      0x238 ./syscfg/ti_drivers_config.o
                0x20000624                gpioCallbackFunctions
                0x200006a0                i2cCC26xxObjects
                0x200007e0                gpioUserArgs
 COMMON         0x2000085c        0x4 c:/ti/gcc_arm_none_eabi_9_2_1/bin/../lib/gcc/arm-none-eabi/9.2.1/../../../../arm-none-eabi/lib/thumb/v7e-m+fp/hard\libc_nano.a(lib_a-reent.o)
                0x2000085c                errno
 COMMON         0x20000860        0x9 c:/ti/gcc_arm_none_eabi_9_2_1/bin/../lib/gcc/arm-none-eabi/9.2.1/../../../../arm-none-eabi/lib/thumb/v7e-m+fp/hard\libc_nano.a(lib_a-lock.o)
                0x20000860                __lock___atexit_recursive_mutex
                0x20000861                __lock___arc4random_mutex
                0x20000862                __lock___env_recursive_mutex
                0x20000863                __lock___sinit_recursive_mutex
                0x20000864                __lock___malloc_recursive_mutex
                0x20000865                __lock___at_quick_exit_mutex
                0x20000866                __lock___dd_hash_mutex
                0x20000867                __lock___tz_mutex
                0x20000868                __lock___sfp_recursive_mutex
                0x2000086c                . = ALIGN (0x4)
 *fill*         0x20000869        0x3 
                0x2000086c                __bss_end__ = .

.heap           0x2000086c     0x4000
                0x2000086c                __heap_start__ = .
                0x2000086c                end = __heap_start__
                0x2000086c                _end = end
                0x2000086c                __end = end
                0x2000486c                . = (. + HEAPSIZE)
 *fill*         0x2000086c     0x4000 
 *(.heap)
                0x2000486c                __heap_end__ = .
                0x2000486c                __HeapLimit = __heap_end__

.stack          0x20004870      0x400
                0x20004870                _stack = .
                0x20004870                __stack = .
 *(.stack)
                0x20004c70                . = (. + STACKSIZE)
 *fill*         0x20004870      0x400 
                0x20004c70                _stack_end = .
                0x20004c70                __stack_end = .

.log_data
 *(.log_data)

.log_ptr
 *(.log_ptr*)
LOAD C:/Users/phine/workspace_v12/gpiointerrupt_tempSht35_CC1352R1_LAUNCHXL_nortos_gcc/Debug/syscfg\ti_utils_build_linker.cmd.genlibs
LOAD C:/ti/simplelink_cc13xx_cc26xx_sdk_7_10_01_24/source\ti/drivers/lib/gcc/m4f/drivers_cc13x2.a
LOAD C:/ti/simplelink_cc13xx_cc26xx_sdk_7_10_01_24/source\ti/grlib/lib/gcc/m4f/grlib.a
LOAD C:/ti/simplelink_cc13xx_cc26xx_sdk_7_10_01_24/kernel/nortos\lib/gcc/m4f/nortos_cc13x2.a
LOAD C:/ti/simplelink_cc13xx_cc26xx_sdk_7_10_01_24/source\ti/devices/cc13x2_cc26x2/driverlib/bin/gcc/driverlib.lib
LOAD c:/ti/gcc_arm_none_eabi_9_2_1/bin/../lib/gcc/arm-none-eabi/9.2.1/thumb/v7e-m+fp/hard\libgcc.a
LOAD c:/ti/gcc_arm_none_eabi_9_2_1/bin/../lib/gcc/arm-none-eabi/9.2.1/../../../../arm-none-eabi/lib/thumb/v7e-m+fp/hard\libc_nano.a
LOAD c:/ti/gcc_arm_none_eabi_9_2_1/bin/../lib/gcc/arm-none-eabi/9.2.1/../../../../arm-none-eabi/lib/thumb/v7e-m+fp/hard\libm.a
LOAD c:/ti/gcc_arm_none_eabi_9_2_1/bin/../lib/gcc/arm-none-eabi/9.2.1/../../../../arm-none-eabi/lib/thumb/v7e-m+fp/hard\libnosys.a
START GROUP
LOAD c:/ti/gcc_arm_none_eabi_9_2_1/bin/../lib/gcc/arm-none-eabi/9.2.1/thumb/v7e-m+fp/hard\libgcc.a
LOAD c:/ti/gcc_arm_none_eabi_9_2_1/bin/../lib/gcc/arm-none-eabi/9.2.1/../../../../arm-none-eabi/lib/thumb/v7e-m+fp/hard\libg_nano.a
LOAD c:/ti/gcc_arm_none_eabi_9_2_1/bin/../lib/gcc/arm-none-eabi/9.2.1/../../../../arm-none-eabi/lib/thumb/v7e-m+fp/hard\libc_nano.a
END GROUP
START GROUP
LOAD c:/ti/gcc_arm_none_eabi_9_2_1/bin/../lib/gcc/arm-none-eabi/9.2.1/thumb/v7e-m+fp/hard\libgcc.a
LOAD c:/ti/gcc_arm_none_eabi_9_2_1/bin/../lib/gcc/arm-none-eabi/9.2.1/../../../../arm-none-eabi/lib/thumb/v7e-m+fp/hard\libc_nano.a
END GROUP
OUTPUT(gpiointerrupt_tempSht35_CC1352R1_LAUNCHXL_nortos_gcc.out elf32-littlearm)

.debug_info     0x00000000    0x1c2f6
 .debug_info    0x00000000     0x1e22 ./gpiointerrupt.o
 .debug_info    0x00001e22      0x1d2 ./syscfg/ti_devices_config.o
 .debug_info    0x00001ff4      0xa59 ./syscfg/ti_drivers_config.o
 .debug_info    0x00002a4d       0x84 ./main_nortos.o
 .debug_info    0x00002ad1      0xbff C:/ti/simplelink_cc13xx_cc26xx_sdk_7_10_01_24/source\ti/drivers/lib/gcc/m4f/drivers_cc13x2.a(GPIO.c.obj)
 .debug_info    0x000036d0     0x1225 C:/ti/simplelink_cc13xx_cc26xx_sdk_7_10_01_24/source\ti/drivers/lib/gcc/m4f/drivers_cc13x2.a(GPIOCC26XX.c.obj)
 .debug_info    0x000048f5     0x11d4 C:/ti/simplelink_cc13xx_cc26xx_sdk_7_10_01_24/source\ti/drivers/lib/gcc/m4f/drivers_cc13x2.a(I2C.c.obj)
 .debug_info    0x00005ac9     0x2353 C:/ti/simplelink_cc13xx_cc26xx_sdk_7_10_01_24/source\ti/drivers/lib/gcc/m4f/drivers_cc13x2.a(I2CCC26XX.c.obj)
 .debug_info    0x00007e1c     0x303c C:/ti/simplelink_cc13xx_cc26xx_sdk_7_10_01_24/source\ti/drivers/lib/gcc/m4f/drivers_cc13x2.a(PowerCC26X2.c.obj)
 .debug_info    0x0000ae58     0x1278 C:/ti/simplelink_cc13xx_cc26xx_sdk_7_10_01_24/source\ti/drivers/lib/gcc/m4f/drivers_cc13x2.a(PowerCC26X2_calibrateRCOSC.c.obj)
 .debug_info    0x0000c0d0      0xd8c C:/ti/simplelink_cc13xx_cc26xx_sdk_7_10_01_24/source\ti/drivers/lib/gcc/m4f/drivers_cc13x2.a(GPIOCC26X2.c.obj)
 .debug_info    0x0000ce5c      0x513 C:/ti/simplelink_cc13xx_cc26xx_sdk_7_10_01_24/source\ti/drivers/lib/gcc/m4f/drivers_cc13x2.a(PowerCC26X2_calibrateRCOSC_helpers.c.obj)
 .debug_info    0x0000d36f      0xf3f C:/ti/simplelink_cc13xx_cc26xx_sdk_7_10_01_24/source\ti/drivers/lib/gcc/m4f/drivers_cc13x2.a(PowerCC26X2_helpers.c.obj)
 .debug_info    0x0000e2ae      0xc58 C:/ti/simplelink_cc13xx_cc26xx_sdk_7_10_01_24/source\ti/drivers/lib/gcc/m4f/drivers_cc13x2.a(List.c.obj)
 .debug_info    0x0000ef06      0x1ec C:/ti/simplelink_cc13xx_cc26xx_sdk_7_10_01_24/kernel/nortos\lib/gcc/m4f/nortos_cc13x2.a(NoRTOS.c.obj)
 .debug_info    0x0000f0f2     0x1498 C:/ti/simplelink_cc13xx_cc26xx_sdk_7_10_01_24/kernel/nortos\lib/gcc/m4f/nortos_cc13x2.a(SemaphoreP_nortos.c.obj)
 .debug_info    0x0001058a     0x1a3a C:/ti/simplelink_cc13xx_cc26xx_sdk_7_10_01_24/kernel/nortos\lib/gcc/m4f/nortos_cc13x2.a(SwiP_nortos.c.obj)
 .debug_info    0x00011fc4     0x215d C:/ti/simplelink_cc13xx_cc26xx_sdk_7_10_01_24/kernel/nortos\lib/gcc/m4f/nortos_cc13x2.a(ClockPTimer_nortos.c.obj)
 .debug_info    0x00014121      0x4c9 C:/ti/simplelink_cc13xx_cc26xx_sdk_7_10_01_24/kernel/nortos\lib/gcc/m4f/nortos_cc13x2.a(QueueP_nortos.c.obj)
 .debug_info    0x000145ea     0x17bd C:/ti/simplelink_cc13xx_cc26xx_sdk_7_10_01_24/kernel/nortos\lib/gcc/m4f/nortos_cc13x2.a(HwiPCC26XX_nortos.c.obj)
 .debug_info    0x00015da7     0x1053 C:/ti/simplelink_cc13xx_cc26xx_sdk_7_10_01_24/kernel/nortos\lib/gcc/m4f/nortos_cc13x2.a(PowerCC26X2_nortos.c.obj)
 .debug_info    0x00016dfa     0x1854 C:/ti/simplelink_cc13xx_cc26xx_sdk_7_10_01_24/kernel/nortos\lib/gcc/m4f/nortos_cc13x2.a(TimerPCC26XX_nortos.c.obj)
 .debug_info    0x0001864e      0xb80 C:/ti/simplelink_cc13xx_cc26xx_sdk_7_10_01_24/kernel/nortos\lib/gcc/m4f/nortos_cc13x2.a(startup_cc13x2_cc26x2_gcc.c.obj)
 .debug_info    0x000191ce     0x1a78 C:/ti/simplelink_cc13xx_cc26xx_sdk_7_10_01_24/source\ti/devices/cc13x2_cc26x2/driverlib/bin/gcc/driverlib.lib(osc.o)
 .debug_info    0x0001ac46      0x14d C:/ti/simplelink_cc13xx_cc26xx_sdk_7_10_01_24/source\ti/devices/cc13x2_cc26x2/driverlib/bin/gcc/driverlib.lib(cpu.o)
 .debug_info    0x0001ad93      0x373 C:/ti/simplelink_cc13xx_cc26xx_sdk_7_10_01_24/source\ti/devices/cc13x2_cc26x2/driverlib/bin/gcc/driverlib.lib(interrupt.o)
 .debug_info    0x0001b106      0x1e7 C:/ti/simplelink_cc13xx_cc26xx_sdk_7_10_01_24/source\ti/devices/cc13x2_cc26x2/driverlib/bin/gcc/driverlib.lib(setup.o)
 .debug_info    0x0001b2ed      0x56d C:/ti/simplelink_cc13xx_cc26xx_sdk_7_10_01_24/source\ti/devices/cc13x2_cc26x2/driverlib/bin/gcc/driverlib.lib(prcm.o)
 .debug_info    0x0001b85a      0x12b C:/ti/simplelink_cc13xx_cc26xx_sdk_7_10_01_24/source\ti/devices/cc13x2_cc26x2/driverlib/bin/gcc/driverlib.lib(aux_sysif.o)
 .debug_info    0x0001b985      0x4a5 C:/ti/simplelink_cc13xx_cc26xx_sdk_7_10_01_24/source\ti/devices/cc13x2_cc26x2/driverlib/bin/gcc/driverlib.lib(sys_ctrl.o)
 .debug_info    0x0001be2a      0x4cc C:/ti/simplelink_cc13xx_cc26xx_sdk_7_10_01_24/source\ti/devices/cc13x2_cc26x2/driverlib/bin/gcc/driverlib.lib(chipinfo.o)

.debug_abbrev   0x00000000     0x5dc5
 .debug_abbrev  0x00000000      0x3ad ./gpiointerrupt.o
 .debug_abbrev  0x000003ad       0x7e ./syscfg/ti_devices_config.o
 .debug_abbrev  0x0000042b      0x2a6 ./syscfg/ti_drivers_config.o
 .debug_abbrev  0x000006d1       0x43 ./main_nortos.o
 .debug_abbrev  0x00000714      0x2d8 C:/ti/simplelink_cc13xx_cc26xx_sdk_7_10_01_24/source\ti/drivers/lib/gcc/m4f/drivers_cc13x2.a(GPIO.c.obj)
 .debug_abbrev  0x000009ec      0x3d3 C:/ti/simplelink_cc13xx_cc26xx_sdk_7_10_01_24/source\ti/drivers/lib/gcc/m4f/drivers_cc13x2.a(GPIOCC26XX.c.obj)
 .debug_abbrev  0x00000dbf      0x3d5 C:/ti/simplelink_cc13xx_cc26xx_sdk_7_10_01_24/source\ti/drivers/lib/gcc/m4f/drivers_cc13x2.a(I2C.c.obj)
 .debug_abbrev  0x00001194      0x556 C:/ti/simplelink_cc13xx_cc26xx_sdk_7_10_01_24/source\ti/drivers/lib/gcc/m4f/drivers_cc13x2.a(I2CCC26XX.c.obj)
 .debug_abbrev  0x000016ea      0x6e8 C:/ti/simplelink_cc13xx_cc26xx_sdk_7_10_01_24/source\ti/drivers/lib/gcc/m4f/drivers_cc13x2.a(PowerCC26X2.c.obj)
 .debug_abbrev  0x00001dd2      0x3e9 C:/ti/simplelink_cc13xx_cc26xx_sdk_7_10_01_24/source\ti/drivers/lib/gcc/m4f/drivers_cc13x2.a(PowerCC26X2_calibrateRCOSC.c.obj)
 .debug_abbrev  0x000021bb      0x34c C:/ti/simplelink_cc13xx_cc26xx_sdk_7_10_01_24/source\ti/drivers/lib/gcc/m4f/drivers_cc13x2.a(GPIOCC26X2.c.obj)
 .debug_abbrev  0x00002507      0x197 C:/ti/simplelink_cc13xx_cc26xx_sdk_7_10_01_24/source\ti/drivers/lib/gcc/m4f/drivers_cc13x2.a(PowerCC26X2_calibrateRCOSC_helpers.c.obj)
 .debug_abbrev  0x0000269e      0x417 C:/ti/simplelink_cc13xx_cc26xx_sdk_7_10_01_24/source\ti/drivers/lib/gcc/m4f/drivers_cc13x2.a(PowerCC26X2_helpers.c.obj)
 .debug_abbrev  0x00002ab5      0x27b C:/ti/simplelink_cc13xx_cc26xx_sdk_7_10_01_24/source\ti/drivers/lib/gcc/m4f/drivers_cc13x2.a(List.c.obj)
 .debug_abbrev  0x00002d30      0x116 C:/ti/simplelink_cc13xx_cc26xx_sdk_7_10_01_24/kernel/nortos\lib/gcc/m4f/nortos_cc13x2.a(NoRTOS.c.obj)
 .debug_abbrev  0x00002e46      0x470 C:/ti/simplelink_cc13xx_cc26xx_sdk_7_10_01_24/kernel/nortos\lib/gcc/m4f/nortos_cc13x2.a(SemaphoreP_nortos.c.obj)
 .debug_abbrev  0x000032b6      0x523 C:/ti/simplelink_cc13xx_cc26xx_sdk_7_10_01_24/kernel/nortos\lib/gcc/m4f/nortos_cc13x2.a(SwiP_nortos.c.obj)
 .debug_abbrev  0x000037d9      0x546 C:/ti/simplelink_cc13xx_cc26xx_sdk_7_10_01_24/kernel/nortos\lib/gcc/m4f/nortos_cc13x2.a(ClockPTimer_nortos.c.obj)
 .debug_abbrev  0x00003d1f      0x1f0 C:/ti/simplelink_cc13xx_cc26xx_sdk_7_10_01_24/kernel/nortos\lib/gcc/m4f/nortos_cc13x2.a(QueueP_nortos.c.obj)
 .debug_abbrev  0x00003f0f      0x53e C:/ti/simplelink_cc13xx_cc26xx_sdk_7_10_01_24/kernel/nortos\lib/gcc/m4f/nortos_cc13x2.a(HwiPCC26XX_nortos.c.obj)
 .debug_abbrev  0x0000444d      0x339 C:/ti/simplelink_cc13xx_cc26xx_sdk_7_10_01_24/kernel/nortos\lib/gcc/m4f/nortos_cc13x2.a(PowerCC26X2_nortos.c.obj)
 .debug_abbrev  0x00004786      0x58f C:/ti/simplelink_cc13xx_cc26xx_sdk_7_10_01_24/kernel/nortos\lib/gcc/m4f/nortos_cc13x2.a(TimerPCC26XX_nortos.c.obj)
 .debug_abbrev  0x00004d15      0x341 C:/ti/simplelink_cc13xx_cc26xx_sdk_7_10_01_24/kernel/nortos\lib/gcc/m4f/nortos_cc13x2.a(startup_cc13x2_cc26x2_gcc.c.obj)
 .debug_abbrev  0x00005056      0x436 C:/ti/simplelink_cc13xx_cc26xx_sdk_7_10_01_24/source\ti/devices/cc13x2_cc26x2/driverlib/bin/gcc/driverlib.lib(osc.o)
 .debug_abbrev  0x0000548c       0xd4 C:/ti/simplelink_cc13xx_cc26xx_sdk_7_10_01_24/source\ti/devices/cc13x2_cc26x2/driverlib/bin/gcc/driverlib.lib(cpu.o)
 .debug_abbrev  0x00005560      0x145 C:/ti/simplelink_cc13xx_cc26xx_sdk_7_10_01_24/source\ti/devices/cc13x2_cc26x2/driverlib/bin/gcc/driverlib.lib(interrupt.o)
 .debug_abbrev  0x000056a5      0x148 C:/ti/simplelink_cc13xx_cc26xx_sdk_7_10_01_24/source\ti/devices/cc13x2_cc26x2/driverlib/bin/gcc/driverlib.lib(setup.o)
 .debug_abbrev  0x000057ed      0x1ae C:/ti/simplelink_cc13xx_cc26xx_sdk_7_10_01_24/source\ti/devices/cc13x2_cc26x2/driverlib/bin/gcc/driverlib.lib(prcm.o)
 .debug_abbrev  0x0000599b       0x9c C:/ti/simplelink_cc13xx_cc26xx_sdk_7_10_01_24/source\ti/devices/cc13x2_cc26x2/driverlib/bin/gcc/driverlib.lib(aux_sysif.o)
 .debug_abbrev  0x00005a37      0x21a C:/ti/simplelink_cc13xx_cc26xx_sdk_7_10_01_24/source\ti/devices/cc13x2_cc26x2/driverlib/bin/gcc/driverlib.lib(sys_ctrl.o)
 .debug_abbrev  0x00005c51      0x174 C:/ti/simplelink_cc13xx_cc26xx_sdk_7_10_01_24/source\ti/devices/cc13x2_cc26x2/driverlib/bin/gcc/driverlib.lib(chipinfo.o)

.debug_loc      0x00000000     0xa61e
 .debug_loc     0x00000000      0x4af ./gpiointerrupt.o
 .debug_loc     0x000004af       0x13 ./syscfg/ti_drivers_config.o
 .debug_loc     0x000004c2      0x14f C:/ti/simplelink_cc13xx_cc26xx_sdk_7_10_01_24/source\ti/drivers/lib/gcc/m4f/drivers_cc13x2.a(GPIO.c.obj)
 .debug_loc     0x00000611      0x978 C:/ti/simplelink_cc13xx_cc26xx_sdk_7_10_01_24/source\ti/drivers/lib/gcc/m4f/drivers_cc13x2.a(GPIOCC26XX.c.obj)
 .debug_loc     0x00000f89      0x33a C:/ti/simplelink_cc13xx_cc26xx_sdk_7_10_01_24/source\ti/drivers/lib/gcc/m4f/drivers_cc13x2.a(I2C.c.obj)
 .debug_loc     0x000012c3      0xfe5 C:/ti/simplelink_cc13xx_cc26xx_sdk_7_10_01_24/source\ti/drivers/lib/gcc/m4f/drivers_cc13x2.a(I2CCC26XX.c.obj)
 .debug_loc     0x000022a8     0x16a0 C:/ti/simplelink_cc13xx_cc26xx_sdk_7_10_01_24/source\ti/drivers/lib/gcc/m4f/drivers_cc13x2.a(PowerCC26X2.c.obj)
 .debug_loc     0x00003948      0x256 C:/ti/simplelink_cc13xx_cc26xx_sdk_7_10_01_24/source\ti/drivers/lib/gcc/m4f/drivers_cc13x2.a(PowerCC26X2_calibrateRCOSC.c.obj)
 .debug_loc     0x00003b9e      0x136 C:/ti/simplelink_cc13xx_cc26xx_sdk_7_10_01_24/source\ti/drivers/lib/gcc/m4f/drivers_cc13x2.a(GPIOCC26X2.c.obj)
 .debug_loc     0x00003cd4      0x2ad C:/ti/simplelink_cc13xx_cc26xx_sdk_7_10_01_24/source\ti/drivers/lib/gcc/m4f/drivers_cc13x2.a(PowerCC26X2_calibrateRCOSC_helpers.c.obj)
 .debug_loc     0x00003f81      0x163 C:/ti/simplelink_cc13xx_cc26xx_sdk_7_10_01_24/source\ti/drivers/lib/gcc/m4f/drivers_cc13x2.a(PowerCC26X2_helpers.c.obj)
 .debug_loc     0x000040e4      0x428 C:/ti/simplelink_cc13xx_cc26xx_sdk_7_10_01_24/source\ti/drivers/lib/gcc/m4f/drivers_cc13x2.a(List.c.obj)
 .debug_loc     0x0000450c       0x32 C:/ti/simplelink_cc13xx_cc26xx_sdk_7_10_01_24/kernel/nortos\lib/gcc/m4f/nortos_cc13x2.a(NoRTOS.c.obj)
 .debug_loc     0x0000453e      0xbae C:/ti/simplelink_cc13xx_cc26xx_sdk_7_10_01_24/kernel/nortos\lib/gcc/m4f/nortos_cc13x2.a(SemaphoreP_nortos.c.obj)
 .debug_loc     0x000050ec      0xf6f C:/ti/simplelink_cc13xx_cc26xx_sdk_7_10_01_24/kernel/nortos\lib/gcc/m4f/nortos_cc13x2.a(SwiP_nortos.c.obj)
 .debug_loc     0x0000605b     0x13a2 C:/ti/simplelink_cc13xx_cc26xx_sdk_7_10_01_24/kernel/nortos\lib/gcc/m4f/nortos_cc13x2.a(ClockPTimer_nortos.c.obj)
 .debug_loc     0x000073fd      0x37f C:/ti/simplelink_cc13xx_cc26xx_sdk_7_10_01_24/kernel/nortos\lib/gcc/m4f/nortos_cc13x2.a(QueueP_nortos.c.obj)
 .debug_loc     0x0000777c      0x808 C:/ti/simplelink_cc13xx_cc26xx_sdk_7_10_01_24/kernel/nortos\lib/gcc/m4f/nortos_cc13x2.a(HwiPCC26XX_nortos.c.obj)
 .debug_loc     0x00007f84      0x154 C:/ti/simplelink_cc13xx_cc26xx_sdk_7_10_01_24/kernel/nortos\lib/gcc/m4f/nortos_cc13x2.a(PowerCC26X2_nortos.c.obj)
 .debug_loc     0x000080d8      0xd9f C:/ti/simplelink_cc13xx_cc26xx_sdk_7_10_01_24/kernel/nortos\lib/gcc/m4f/nortos_cc13x2.a(TimerPCC26XX_nortos.c.obj)
 .debug_loc     0x00008e77       0x65 C:/ti/simplelink_cc13xx_cc26xx_sdk_7_10_01_24/kernel/nortos\lib/gcc/m4f/nortos_cc13x2.a(startup_cc13x2_cc26x2_gcc.c.obj)
 .debug_loc     0x00008edc      0xb8f C:/ti/simplelink_cc13xx_cc26xx_sdk_7_10_01_24/source\ti/devices/cc13x2_cc26x2/driverlib/bin/gcc/driverlib.lib(osc.o)
 .debug_loc     0x00009a6b      0x147 C:/ti/simplelink_cc13xx_cc26xx_sdk_7_10_01_24/source\ti/devices/cc13x2_cc26x2/driverlib/bin/gcc/driverlib.lib(interrupt.o)
 .debug_loc     0x00009bb2       0xbd C:/ti/simplelink_cc13xx_cc26xx_sdk_7_10_01_24/source\ti/devices/cc13x2_cc26x2/driverlib/bin/gcc/driverlib.lib(setup.o)
 .debug_loc     0x00009c6f      0x3c8 C:/ti/simplelink_cc13xx_cc26xx_sdk_7_10_01_24/source\ti/devices/cc13x2_cc26x2/driverlib/bin/gcc/driverlib.lib(prcm.o)
 .debug_loc     0x0000a037       0x4b C:/ti/simplelink_cc13xx_cc26xx_sdk_7_10_01_24/source\ti/devices/cc13x2_cc26x2/driverlib/bin/gcc/driverlib.lib(aux_sysif.o)
 .debug_loc     0x0000a082      0x37b C:/ti/simplelink_cc13xx_cc26xx_sdk_7_10_01_24/source\ti/devices/cc13x2_cc26x2/driverlib/bin/gcc/driverlib.lib(sys_ctrl.o)
 .debug_loc     0x0000a3fd      0x221 C:/ti/simplelink_cc13xx_cc26xx_sdk_7_10_01_24/source\ti/devices/cc13x2_cc26x2/driverlib/bin/gcc/driverlib.lib(chipinfo.o)

.debug_aranges  0x00000000      0xd40
 .debug_aranges
                0x00000000       0xa8 ./gpiointerrupt.o
 .debug_aranges
                0x000000a8       0x18 ./syscfg/ti_devices_config.o
 .debug_aranges
                0x000000c0       0x40 ./syscfg/ti_drivers_config.o
 .debug_aranges
                0x00000100       0x20 ./main_nortos.o
 .debug_aranges
                0x00000120       0x40 C:/ti/simplelink_cc13xx_cc26xx_sdk_7_10_01_24/source\ti/drivers/lib/gcc/m4f/drivers_cc13x2.a(GPIO.c.obj)
 .debug_aranges
                0x00000160       0x70 C:/ti/simplelink_cc13xx_cc26xx_sdk_7_10_01_24/source\ti/drivers/lib/gcc/m4f/drivers_cc13x2.a(GPIOCC26XX.c.obj)
 .debug_aranges
                0x000001d0       0x40 C:/ti/simplelink_cc13xx_cc26xx_sdk_7_10_01_24/source\ti/drivers/lib/gcc/m4f/drivers_cc13x2.a(I2C.c.obj)
 .debug_aranges
                0x00000210       0x78 C:/ti/simplelink_cc13xx_cc26xx_sdk_7_10_01_24/source\ti/drivers/lib/gcc/m4f/drivers_cc13x2.a(I2CCC26XX.c.obj)
 .debug_aranges
                0x00000288      0x138 C:/ti/simplelink_cc13xx_cc26xx_sdk_7_10_01_24/source\ti/drivers/lib/gcc/m4f/drivers_cc13x2.a(PowerCC26X2.c.obj)
 .debug_aranges
                0x000003c0       0x38 C:/ti/simplelink_cc13xx_cc26xx_sdk_7_10_01_24/source\ti/drivers/lib/gcc/m4f/drivers_cc13x2.a(PowerCC26X2_calibrateRCOSC.c.obj)
 .debug_aranges
                0x000003f8       0x28 C:/ti/simplelink_cc13xx_cc26xx_sdk_7_10_01_24/source\ti/drivers/lib/gcc/m4f/drivers_cc13x2.a(GPIOCC26X2.c.obj)
 .debug_aranges
                0x00000420       0x68 C:/ti/simplelink_cc13xx_cc26xx_sdk_7_10_01_24/source\ti/drivers/lib/gcc/m4f/drivers_cc13x2.a(PowerCC26X2_calibrateRCOSC_helpers.c.obj)
 .debug_aranges
                0x00000488       0xd0 C:/ti/simplelink_cc13xx_cc26xx_sdk_7_10_01_24/source\ti/drivers/lib/gcc/m4f/drivers_cc13x2.a(PowerCC26X2_helpers.c.obj)
 .debug_aranges
                0x00000558       0x48 C:/ti/simplelink_cc13xx_cc26xx_sdk_7_10_01_24/source\ti/drivers/lib/gcc/m4f/drivers_cc13x2.a(List.c.obj)
 .debug_aranges
                0x000005a0       0x30 C:/ti/simplelink_cc13xx_cc26xx_sdk_7_10_01_24/kernel/nortos\lib/gcc/m4f/nortos_cc13x2.a(NoRTOS.c.obj)
 .debug_aranges
                0x000005d0       0x78 C:/ti/simplelink_cc13xx_cc26xx_sdk_7_10_01_24/kernel/nortos\lib/gcc/m4f/nortos_cc13x2.a(SemaphoreP_nortos.c.obj)
 .debug_aranges
                0x00000648       0xa8 C:/ti/simplelink_cc13xx_cc26xx_sdk_7_10_01_24/kernel/nortos\lib/gcc/m4f/nortos_cc13x2.a(SwiP_nortos.c.obj)
 .debug_aranges
                0x000006f0       0xe8 C:/ti/simplelink_cc13xx_cc26xx_sdk_7_10_01_24/kernel/nortos\lib/gcc/m4f/nortos_cc13x2.a(ClockPTimer_nortos.c.obj)
 .debug_aranges
                0x000007d8       0x80 C:/ti/simplelink_cc13xx_cc26xx_sdk_7_10_01_24/kernel/nortos\lib/gcc/m4f/nortos_cc13x2.a(QueueP_nortos.c.obj)
 .debug_aranges
                0x00000858       0xb8 C:/ti/simplelink_cc13xx_cc26xx_sdk_7_10_01_24/kernel/nortos\lib/gcc/m4f/nortos_cc13x2.a(HwiPCC26XX_nortos.c.obj)
 .debug_aranges
                0x00000910       0x30 C:/ti/simplelink_cc13xx_cc26xx_sdk_7_10_01_24/kernel/nortos\lib/gcc/m4f/nortos_cc13x2.a(PowerCC26X2_nortos.c.obj)
 .debug_aranges
                0x00000940       0x80 C:/ti/simplelink_cc13xx_cc26xx_sdk_7_10_01_24/kernel/nortos\lib/gcc/m4f/nortos_cc13x2.a(TimerPCC26XX_nortos.c.obj)
 .debug_aranges
                0x000009c0       0x50 C:/ti/simplelink_cc13xx_cc26xx_sdk_7_10_01_24/kernel/nortos\lib/gcc/m4f/nortos_cc13x2.a(startup_cc13x2_cc26x2_gcc.c.obj)
 .debug_aranges
                0x00000a10       0xe8 C:/ti/simplelink_cc13xx_cc26xx_sdk_7_10_01_24/source\ti/devices/cc13x2_cc26x2/driverlib/bin/gcc/driverlib.lib(osc.o)
 .debug_aranges
                0x00000af8       0x40 C:/ti/simplelink_cc13xx_cc26xx_sdk_7_10_01_24/source\ti/devices/cc13x2_cc26x2/driverlib/bin/gcc/driverlib.lib(cpu.o)
 .debug_aranges
                0x00000b38       0x78 C:/ti/simplelink_cc13xx_cc26xx_sdk_7_10_01_24/source\ti/devices/cc13x2_cc26x2/driverlib/bin/gcc/driverlib.lib(interrupt.o)
 .debug_aranges
                0x00000bb0       0x28 C:/ti/simplelink_cc13xx_cc26xx_sdk_7_10_01_24/source\ti/devices/cc13x2_cc26x2/driverlib/bin/gcc/driverlib.lib(setup.o)
 .debug_aranges
                0x00000bd8       0xa8 C:/ti/simplelink_cc13xx_cc26xx_sdk_7_10_01_24/source\ti/devices/cc13x2_cc26x2/driverlib/bin/gcc/driverlib.lib(prcm.o)
 .debug_aranges
                0x00000c80       0x20 C:/ti/simplelink_cc13xx_cc26xx_sdk_7_10_01_24/source\ti/devices/cc13x2_cc26x2/driverlib/bin/gcc/driverlib.lib(aux_sysif.o)
 .debug_aranges
                0x00000ca0       0x58 C:/ti/simplelink_cc13xx_cc26xx_sdk_7_10_01_24/source\ti/devices/cc13x2_cc26x2/driverlib/bin/gcc/driverlib.lib(sys_ctrl.o)
 .debug_aranges
                0x00000cf8       0x48 C:/ti/simplelink_cc13xx_cc26xx_sdk_7_10_01_24/source\ti/devices/cc13x2_cc26x2/driverlib/bin/gcc/driverlib.lib(chipinfo.o)

.debug_ranges   0x00000000     0x2368
 .debug_ranges  0x00000000      0x4e0 ./gpiointerrupt.o
 .debug_ranges  0x000004e0       0x48 ./syscfg/ti_drivers_config.o
 .debug_ranges  0x00000528       0x10 ./main_nortos.o
 .debug_ranges  0x00000538       0x48 C:/ti/simplelink_cc13xx_cc26xx_sdk_7_10_01_24/source\ti/drivers/lib/gcc/m4f/drivers_cc13x2.a(GPIO.c.obj)
 .debug_ranges  0x00000580      0x118 C:/ti/simplelink_cc13xx_cc26xx_sdk_7_10_01_24/source\ti/drivers/lib/gcc/m4f/drivers_cc13x2.a(GPIOCC26XX.c.obj)
 .debug_ranges  0x00000698       0x30 C:/ti/simplelink_cc13xx_cc26xx_sdk_7_10_01_24/source\ti/drivers/lib/gcc/m4f/drivers_cc13x2.a(I2C.c.obj)
 .debug_ranges  0x000006c8      0x278 C:/ti/simplelink_cc13xx_cc26xx_sdk_7_10_01_24/source\ti/drivers/lib/gcc/m4f/drivers_cc13x2.a(I2CCC26XX.c.obj)
 .debug_ranges  0x00000940      0x4f8 C:/ti/simplelink_cc13xx_cc26xx_sdk_7_10_01_24/source\ti/drivers/lib/gcc/m4f/drivers_cc13x2.a(PowerCC26X2.c.obj)
 .debug_ranges  0x00000e38      0x130 C:/ti/simplelink_cc13xx_cc26xx_sdk_7_10_01_24/source\ti/drivers/lib/gcc/m4f/drivers_cc13x2.a(PowerCC26X2_calibrateRCOSC.c.obj)
 .debug_ranges  0x00000f68       0x50 C:/ti/simplelink_cc13xx_cc26xx_sdk_7_10_01_24/source\ti/drivers/lib/gcc/m4f/drivers_cc13x2.a(GPIOCC26X2.c.obj)
 .debug_ranges  0x00000fb8       0x90 C:/ti/simplelink_cc13xx_cc26xx_sdk_7_10_01_24/source\ti/drivers/lib/gcc/m4f/drivers_cc13x2.a(PowerCC26X2_calibrateRCOSC_helpers.c.obj)
 .debug_ranges  0x00001048      0x150 C:/ti/simplelink_cc13xx_cc26xx_sdk_7_10_01_24/source\ti/drivers/lib/gcc/m4f/drivers_cc13x2.a(PowerCC26X2_helpers.c.obj)
 .debug_ranges  0x00001198       0x38 C:/ti/simplelink_cc13xx_cc26xx_sdk_7_10_01_24/source\ti/drivers/lib/gcc/m4f/drivers_cc13x2.a(List.c.obj)
 .debug_ranges  0x000011d0       0x20 C:/ti/simplelink_cc13xx_cc26xx_sdk_7_10_01_24/kernel/nortos\lib/gcc/m4f/nortos_cc13x2.a(NoRTOS.c.obj)
 .debug_ranges  0x000011f0      0x280 C:/ti/simplelink_cc13xx_cc26xx_sdk_7_10_01_24/kernel/nortos\lib/gcc/m4f/nortos_cc13x2.a(SemaphoreP_nortos.c.obj)
 .debug_ranges  0x00001470      0x178 C:/ti/simplelink_cc13xx_cc26xx_sdk_7_10_01_24/kernel/nortos\lib/gcc/m4f/nortos_cc13x2.a(SwiP_nortos.c.obj)
 .debug_ranges  0x000015e8      0x1f8 C:/ti/simplelink_cc13xx_cc26xx_sdk_7_10_01_24/kernel/nortos\lib/gcc/m4f/nortos_cc13x2.a(ClockPTimer_nortos.c.obj)
 .debug_ranges  0x000017e0       0x88 C:/ti/simplelink_cc13xx_cc26xx_sdk_7_10_01_24/kernel/nortos\lib/gcc/m4f/nortos_cc13x2.a(QueueP_nortos.c.obj)
 .debug_ranges  0x00001868      0x150 C:/ti/simplelink_cc13xx_cc26xx_sdk_7_10_01_24/kernel/nortos\lib/gcc/m4f/nortos_cc13x2.a(HwiPCC26XX_nortos.c.obj)
 .debug_ranges  0x000019b8       0x50 C:/ti/simplelink_cc13xx_cc26xx_sdk_7_10_01_24/kernel/nortos\lib/gcc/m4f/nortos_cc13x2.a(PowerCC26X2_nortos.c.obj)
 .debug_ranges  0x00001a08      0x370 C:/ti/simplelink_cc13xx_cc26xx_sdk_7_10_01_24/kernel/nortos\lib/gcc/m4f/nortos_cc13x2.a(TimerPCC26XX_nortos.c.obj)
 .debug_ranges  0x00001d78       0x40 C:/ti/simplelink_cc13xx_cc26xx_sdk_7_10_01_24/kernel/nortos\lib/gcc/m4f/nortos_cc13x2.a(startup_cc13x2_cc26x2_gcc.c.obj)
 .debug_ranges  0x00001db8      0x240 C:/ti/simplelink_cc13xx_cc26xx_sdk_7_10_01_24/source\ti/devices/cc13x2_cc26x2/driverlib/bin/gcc/driverlib.lib(osc.o)
 .debug_ranges  0x00001ff8       0x30 C:/ti/simplelink_cc13xx_cc26xx_sdk_7_10_01_24/source\ti/devices/cc13x2_cc26x2/driverlib/bin/gcc/driverlib.lib(cpu.o)
 .debug_ranges  0x00002028       0x68 C:/ti/simplelink_cc13xx_cc26xx_sdk_7_10_01_24/source\ti/devices/cc13x2_cc26x2/driverlib/bin/gcc/driverlib.lib(interrupt.o)
 .debug_ranges  0x00002090       0x30 C:/ti/simplelink_cc13xx_cc26xx_sdk_7_10_01_24/source\ti/devices/cc13x2_cc26x2/driverlib/bin/gcc/driverlib.lib(setup.o)
 .debug_ranges  0x000020c0       0xf0 C:/ti/simplelink_cc13xx_cc26xx_sdk_7_10_01_24/source\ti/devices/cc13x2_cc26x2/driverlib/bin/gcc/driverlib.lib(prcm.o)
 .debug_ranges  0x000021b0       0x10 C:/ti/simplelink_cc13xx_cc26xx_sdk_7_10_01_24/source\ti/devices/cc13x2_cc26x2/driverlib/bin/gcc/driverlib.lib(aux_sysif.o)
 .debug_ranges  0x000021c0      0x120 C:/ti/simplelink_cc13xx_cc26xx_sdk_7_10_01_24/source\ti/devices/cc13x2_cc26x2/driverlib/bin/gcc/driverlib.lib(sys_ctrl.o)
 .debug_ranges  0x000022e0       0x88 C:/ti/simplelink_cc13xx_cc26xx_sdk_7_10_01_24/source\ti/devices/cc13x2_cc26x2/driverlib/bin/gcc/driverlib.lib(chipinfo.o)

.debug_line     0x00000000    0x11412
 .debug_line    0x00000000     0x1393 ./gpiointerrupt.o
 .debug_line    0x00001393      0x185 ./syscfg/ti_devices_config.o
 .debug_line    0x00001518      0x456 ./syscfg/ti_drivers_config.o
 .debug_line    0x0000196e       0x5f ./main_nortos.o
 .debug_line    0x000019cd      0x4b2 C:/ti/simplelink_cc13xx_cc26xx_sdk_7_10_01_24/source\ti/drivers/lib/gcc/m4f/drivers_cc13x2.a(GPIO.c.obj)
 .debug_line    0x00001e7f      0xac2 C:/ti/simplelink_cc13xx_cc26xx_sdk_7_10_01_24/source\ti/drivers/lib/gcc/m4f/drivers_cc13x2.a(GPIOCC26XX.c.obj)
 .debug_line    0x00002941      0x7d9 C:/ti/simplelink_cc13xx_cc26xx_sdk_7_10_01_24/source\ti/drivers/lib/gcc/m4f/drivers_cc13x2.a(I2C.c.obj)
 .debug_line    0x0000311a     0x1204 C:/ti/simplelink_cc13xx_cc26xx_sdk_7_10_01_24/source\ti/drivers/lib/gcc/m4f/drivers_cc13x2.a(I2CCC26XX.c.obj)
 .debug_line    0x0000431e     0x1f05 C:/ti/simplelink_cc13xx_cc26xx_sdk_7_10_01_24/source\ti/drivers/lib/gcc/m4f/drivers_cc13x2.a(PowerCC26X2.c.obj)
 .debug_line    0x00006223      0xd34 C:/ti/simplelink_cc13xx_cc26xx_sdk_7_10_01_24/source\ti/drivers/lib/gcc/m4f/drivers_cc13x2.a(PowerCC26X2_calibrateRCOSC.c.obj)
 .debug_line    0x00006f57      0x81a C:/ti/simplelink_cc13xx_cc26xx_sdk_7_10_01_24/source\ti/drivers/lib/gcc/m4f/drivers_cc13x2.a(GPIOCC26X2.c.obj)
 .debug_line    0x00007771      0x5aa C:/ti/simplelink_cc13xx_cc26xx_sdk_7_10_01_24/source\ti/drivers/lib/gcc/m4f/drivers_cc13x2.a(PowerCC26X2_calibrateRCOSC_helpers.c.obj)
 .debug_line    0x00007d1b      0x84b C:/ti/simplelink_cc13xx_cc26xx_sdk_7_10_01_24/source\ti/drivers/lib/gcc/m4f/drivers_cc13x2.a(PowerCC26X2_helpers.c.obj)
 .debug_line    0x00008566      0x614 C:/ti/simplelink_cc13xx_cc26xx_sdk_7_10_01_24/source\ti/drivers/lib/gcc/m4f/drivers_cc13x2.a(List.c.obj)
 .debug_line    0x00008b7a      0x389 C:/ti/simplelink_cc13xx_cc26xx_sdk_7_10_01_24/kernel/nortos\lib/gcc/m4f/nortos_cc13x2.a(NoRTOS.c.obj)
 .debug_line    0x00008f03      0xc26 C:/ti/simplelink_cc13xx_cc26xx_sdk_7_10_01_24/kernel/nortos\lib/gcc/m4f/nortos_cc13x2.a(SemaphoreP_nortos.c.obj)
 .debug_line    0x00009b29      0xdb0 C:/ti/simplelink_cc13xx_cc26xx_sdk_7_10_01_24/kernel/nortos\lib/gcc/m4f/nortos_cc13x2.a(SwiP_nortos.c.obj)